Archive member included to satisfy reference by file (symbol)

/home/felix/opt/gcc-arm-none-eabi-6-2017-q1-update/bin/../lib/gcc/arm-none-eabi/6.3.1/thumb/v6-m/libgcc.a(_udivsi3.o)
                              build/obj/serial_lld.o (__aeabi_uidiv)
/home/felix/opt/gcc-arm-none-eabi-6-2017-q1-update/bin/../lib/gcc/arm-none-eabi/6.3.1/thumb/v6-m/libgcc.a(_dvmd_tls.o)
                              /home/felix/opt/gcc-arm-none-eabi-6-2017-q1-update/bin/../lib/gcc/arm-none-eabi/6.3.1/thumb/v6-m/libgcc.a(_udivsi3.o) (__aeabi_idiv0)
/home/felix/opt/gcc-arm-none-eabi-6-2017-q1-update/bin/../lib/gcc/arm-none-eabi/6.3.1/../../../../arm-none-eabi/lib/thumb/v6-m/libg.a(lib_a-memcpy-stub.o)
                              build/obj/hal_buffers.o (memcpy)
/home/felix/opt/gcc-arm-none-eabi-6-2017-q1-update/bin/../lib/gcc/arm-none-eabi/6.3.1/../../../../arm-none-eabi/lib/thumb/v6-m/libg.a(lib_a-reent.o)
                              build/obj/syscalls_cpp.o (errno)
/home/felix/opt/gcc-arm-none-eabi-6-2017-q1-update/bin/../lib/gcc/arm-none-eabi/6.3.1/../../../../arm-none-eabi/lib/thumb/v6-m/libg.a(lib_a-sprintf.o)
                              build/obj/main.o (sprintf)
/home/felix/opt/gcc-arm-none-eabi-6-2017-q1-update/bin/../lib/gcc/arm-none-eabi/6.3.1/../../../../arm-none-eabi/lib/thumb/v6-m/libg.a(lib_a-svfprintf.o)
                              /home/felix/opt/gcc-arm-none-eabi-6-2017-q1-update/bin/../lib/gcc/arm-none-eabi/6.3.1/../../../../arm-none-eabi/lib/thumb/v6-m/libg.a(lib_a-sprintf.o) (_svfprintf_r)
/home/felix/opt/gcc-arm-none-eabi-6-2017-q1-update/bin/../lib/gcc/arm-none-eabi/6.3.1/../../../../arm-none-eabi/lib/thumb/v6-m/libg.a(lib_a-dtoa.o)
                              /home/felix/opt/gcc-arm-none-eabi-6-2017-q1-update/bin/../lib/gcc/arm-none-eabi/6.3.1/../../../../arm-none-eabi/lib/thumb/v6-m/libg.a(lib_a-svfprintf.o) (_dtoa_r)
/home/felix/opt/gcc-arm-none-eabi-6-2017-q1-update/bin/../lib/gcc/arm-none-eabi/6.3.1/../../../../arm-none-eabi/lib/thumb/v6-m/libg.a(lib_a-freer.o)
                              /home/felix/opt/gcc-arm-none-eabi-6-2017-q1-update/bin/../lib/gcc/arm-none-eabi/6.3.1/../../../../arm-none-eabi/lib/thumb/v6-m/libg.a(lib_a-reent.o) (_free_r)
/home/felix/opt/gcc-arm-none-eabi-6-2017-q1-update/bin/../lib/gcc/arm-none-eabi/6.3.1/../../../../arm-none-eabi/lib/thumb/v6-m/libg.a(lib_a-impure.o)
                              /home/felix/opt/gcc-arm-none-eabi-6-2017-q1-update/bin/../lib/gcc/arm-none-eabi/6.3.1/../../../../arm-none-eabi/lib/thumb/v6-m/libg.a(lib_a-reent.o) (_impure_ptr)
/home/felix/opt/gcc-arm-none-eabi-6-2017-q1-update/bin/../lib/gcc/arm-none-eabi/6.3.1/../../../../arm-none-eabi/lib/thumb/v6-m/libg.a(lib_a-localeconv.o)
                              /home/felix/opt/gcc-arm-none-eabi-6-2017-q1-update/bin/../lib/gcc/arm-none-eabi/6.3.1/../../../../arm-none-eabi/lib/thumb/v6-m/libg.a(lib_a-svfprintf.o) (_localeconv_r)
/home/felix/opt/gcc-arm-none-eabi-6-2017-q1-update/bin/../lib/gcc/arm-none-eabi/6.3.1/../../../../arm-none-eabi/lib/thumb/v6-m/libg.a(lib_a-mallocr.o)
                              /home/felix/opt/gcc-arm-none-eabi-6-2017-q1-update/bin/../lib/gcc/arm-none-eabi/6.3.1/../../../../arm-none-eabi/lib/thumb/v6-m/libg.a(lib_a-svfprintf.o) (_malloc_r)
/home/felix/opt/gcc-arm-none-eabi-6-2017-q1-update/bin/../lib/gcc/arm-none-eabi/6.3.1/../../../../arm-none-eabi/lib/thumb/v6-m/libg.a(lib_a-memchr-stub.o)
                              /home/felix/opt/gcc-arm-none-eabi-6-2017-q1-update/bin/../lib/gcc/arm-none-eabi/6.3.1/../../../../arm-none-eabi/lib/thumb/v6-m/libg.a(lib_a-svfprintf.o) (memchr)
/home/felix/opt/gcc-arm-none-eabi-6-2017-q1-update/bin/../lib/gcc/arm-none-eabi/6.3.1/../../../../arm-none-eabi/lib/thumb/v6-m/libg.a(lib_a-mlock.o)
                              /home/felix/opt/gcc-arm-none-eabi-6-2017-q1-update/bin/../lib/gcc/arm-none-eabi/6.3.1/../../../../arm-none-eabi/lib/thumb/v6-m/libg.a(lib_a-freer.o) (__malloc_lock)
/home/felix/opt/gcc-arm-none-eabi-6-2017-q1-update/bin/../lib/gcc/arm-none-eabi/6.3.1/../../../../arm-none-eabi/lib/thumb/v6-m/libg.a(lib_a-mprec.o)
                              /home/felix/opt/gcc-arm-none-eabi-6-2017-q1-update/bin/../lib/gcc/arm-none-eabi/6.3.1/../../../../arm-none-eabi/lib/thumb/v6-m/libg.a(lib_a-dtoa.o) (_Balloc)
/home/felix/opt/gcc-arm-none-eabi-6-2017-q1-update/bin/../lib/gcc/arm-none-eabi/6.3.1/../../../../arm-none-eabi/lib/thumb/v6-m/libg.a(lib_a-sbrkr.o)
                              /home/felix/opt/gcc-arm-none-eabi-6-2017-q1-update/bin/../lib/gcc/arm-none-eabi/6.3.1/../../../../arm-none-eabi/lib/thumb/v6-m/libg.a(lib_a-freer.o) (_sbrk_r)
/home/felix/opt/gcc-arm-none-eabi-6-2017-q1-update/bin/../lib/gcc/arm-none-eabi/6.3.1/../../../../arm-none-eabi/lib/thumb/v6-m/libg.a(lib_a-strlen-stub.o)
                              /home/felix/opt/gcc-arm-none-eabi-6-2017-q1-update/bin/../lib/gcc/arm-none-eabi/6.3.1/../../../../arm-none-eabi/lib/thumb/v6-m/libg.a(lib_a-svfprintf.o) (strlen)
[...]
Memory Configuration

Name             Origin             Length             Attributes
flash            0x0000000008000000 0x0000000000010000
ram0             0x0000000020000000 0x0000000000002000
ram1             0x0000000000000000 0x0000000000000000
ram2             0x0000000000000000 0x0000000000000000
ram3             0x0000000000000000 0x0000000000000000
ram4             0x0000000000000000 0x0000000000000000
ram5             0x0000000000000000 0x0000000000000000
ram6             0x0000000000000000 0x0000000000000000
ram7             0x0000000000000000 0x0000000000000000
*default*        0x0000000000000000 0xffffffffffffffff

Linker script and memory map

LOAD build/obj/crt0_v6m.o
LOAD build/obj/chcoreasm_v6m.o
LOAD build/obj/crt1.o
LOAD build/obj/vectors.o
LOAD build/obj/chsys.o
LOAD build/obj/chdebug.o
LOAD build/obj/chvt.o
LOAD build/obj/chschd.o
LOAD build/obj/chthreads.o
LOAD build/obj/chdynamic.o
LOAD build/obj/chregistry.o
LOAD build/obj/chsem.o
LOAD build/obj/chmtx.o
LOAD build/obj/chcond.o
LOAD build/obj/chevents.o
LOAD build/obj/chmsg.o
LOAD build/obj/chmboxes.o
LOAD build/obj/chqueues.o
LOAD build/obj/chmemcore.o
LOAD build/obj/chheap.o
LOAD build/obj/chmempools.o
LOAD build/obj/chcore.o
LOAD build/obj/chcore_v6m.o
LOAD build/obj/osal.o
LOAD build/obj/hal.o
LOAD build/obj/st.o
LOAD build/obj/hal_buffers.o
LOAD build/obj/hal_queues.o
LOAD build/obj/hal_mmcsd.o
LOAD build/obj/pal.o
LOAD build/obj/serial.o
LOAD build/obj/nvic.o
LOAD build/obj/hal_lld.o
LOAD build/obj/stm32_dma.o
LOAD build/obj/st_lld.o
LOAD build/obj/pal_lld.o
LOAD build/obj/serial_lld.o
LOAD build/obj/board.o
LOAD build/obj/test.o
LOAD build/obj/testthd.o
LOAD build/obj/testsem.o
LOAD build/obj/testmtx.o
LOAD build/obj/testmsg.o
LOAD build/obj/testmbox.o
LOAD build/obj/testevt.o
LOAD build/obj/testheap.o
LOAD build/obj/testpools.o
LOAD build/obj/testdyn.o
LOAD build/obj/testqueues.o
LOAD build/obj/testsys.o
LOAD build/obj/testbmk.o
LOAD build/obj/chprintf.o
LOAD build/obj/ch.o
LOAD build/obj/syscalls_cpp.o
LOAD build/obj/main.o
                0x0000000020000000                __ram0_start__ = ORIGIN (ram0)
                0x0000000000002000                __ram0_size__ = LENGTH (ram0)
                0x0000000020002000                __ram0_end__ = (__ram0_start__ + __ram0_size__)
                0x0000000000000000                __ram1_start__ = ORIGIN (ram1)
                0x0000000000000000                __ram1_size__ = LENGTH (ram1)
                0x0000000000000000                __ram1_end__ = (__ram1_start__ + __ram1_size__)
                0x0000000000000000                __ram2_start__ = ORIGIN (ram2)
                0x0000000000000000                __ram2_size__ = LENGTH (ram2)
                0x0000000000000000                __ram2_end__ = (__ram2_start__ + __ram2_size__)
                0x0000000000000000                __ram3_start__ = ORIGIN (ram3)
                0x0000000000000000                __ram3_size__ = LENGTH (ram3)
                0x0000000000000000                __ram3_end__ = (__ram3_start__ + __ram3_size__)
                0x0000000000000000                __ram4_start__ = ORIGIN (ram4)
                0x0000000000000000                __ram4_size__ = LENGTH (ram4)
                0x0000000000000000                __ram4_end__ = (__ram4_start__ + __ram4_size__)
                0x0000000000000000                __ram5_start__ = ORIGIN (ram5)
                0x0000000000000000                __ram5_size__ = LENGTH (ram5)
                0x0000000000000000                __ram5_end__ = (__ram5_start__ + __ram5_size__)
                0x0000000000000000                __ram6_start__ = ORIGIN (ram6)
                0x0000000000000000                __ram6_size__ = LENGTH (ram6)
                0x0000000000000000                __ram6_end__ = (__ram6_start__ + __ram6_size__)
                0x0000000000000000                __ram7_start__ = ORIGIN (ram7)
                0x0000000000000000                __ram7_size__ = LENGTH (ram7)
                0x0000000000000000                __ram7_end__ = (__ram7_start__ + __ram7_size__)
                0x0000000000000000                . = 0x0
                0x0000000000000000                _text = .

startup         0x0000000008000000       0xc0
 *(.vectors)
 .vectors       0x0000000008000000       0xc0 build/obj/vectors.o
                0x0000000008000000                _vectors

constructors    0x00000000080000c0        0x0
                0x00000000080000c0                __init_array_start = .
 *(SORT(.init_array.*))
 *(.init_array)
                0x00000000080000c0                __init_array_end = .

destructors     0x00000000080000c0        0x0
                0x00000000080000c0                __fini_array_start = .
 *(.fini_array)
 *(SORT(.fini_array.*))
                0x00000000080000c0                __fini_array_end = .

.text           0x00000000080000c0     0x9811
 *(.text)
 .text          0x00000000080000c0       0xc8 build/obj/crt0_v6m.o
                0x00000000080000c0                Reset_Handler
 *fill*         0x0000000008000188        0x8 
 .text          0x0000000008000190       0x4c build/obj/chcoreasm_v6m.o
                0x0000000008000190                _port_switch
                0x00000000080001b0                _port_thread_start
                0x00000000080001c0                _port_switch_from_isr
                0x00000000080001cc                _port_exit_from_isr
 *fill*         0x00000000080001dc        0x4 
 .text          0x00000000080001e0      0x114 /home/felix/opt/gcc-arm-none-eabi-6-2017-q1-update/bin/../lib/gcc/arm-none-eabi/6.3.1/thumb/v6-m/libgcc.a(_udivsi3.o)
                0x00000000080001e0                __udivsi3
                0x00000000080001e0                __aeabi_uidiv
                0x00000000080002ec                __aeabi_uidivmod
 *fill*         0x00000000080002f4        0xc 
 .text          0x0000000008000300        0x4 /home/felix/opt/gcc-arm-none-eabi-6-2017-q1-update/bin/../lib/gcc/arm-none-eabi/6.3.1/thumb/v6-m/libgcc.a(_dvmd_tls.o)
                0x0000000008000300                __aeabi_ldiv0
                0x0000000008000300                __aeabi_idiv0
 *fill*         0x0000000008000304        0xc 
 .text          0x0000000008000310      0x1d4 /home/felix/opt/gcc-arm-none-eabi-6-2017-q1-update/bin/../lib/gcc/arm-none-eabi/6.3.1/thumb/v6-m/libgcc.a(_divsi3.o)
                0x0000000008000310                __aeabi_idiv
                0x0000000008000310                __divsi3
                0x00000000080004dc                __aeabi_idivmod
 *fill*         0x00000000080004e4        0xc 
 .text          0x00000000080004f0       0x7c /home/felix/opt/gcc-arm-none-eabi-6-2017-q1-update/bin/../lib/gcc/arm-none-eabi/6.3.1/thumb/v6-m/libgcc.a(_arm_cmpdf2.o)
                0x00000000080004f0                __aeabi_cdrcmple
                0x0000000008000500                __aeabi_cdcmple
                0x0000000008000500                __aeabi_cdcmpeq
                0x0000000008000510                __aeabi_dcmpeq
                0x000000000800051c                __aeabi_dcmplt
                0x0000000008000530                __aeabi_dcmple
                0x0000000008000544                __aeabi_dcmpgt
                0x0000000008000558                __aeabi_dcmpge
 *fill*         0x000000000800056c        0x4 
 .text          0x0000000008000570       0x40 /home/felix/opt/gcc-arm-none-eabi-6-2017-q1-update/bin/../lib/gcc/arm-none-eabi/6.3.1/thumb/v6-m/libgcc.a(_aeabi_uldivmod.o)
                0x0000000008000570                __aeabi_uldivmod
 .text          0x00000000080005b0      0x180 /home/felix/opt/gcc-arm-none-eabi-6-2017-q1-update/bin/../lib/gcc/arm-none-eabi/6.3.1/thumb/v6-m/libgcc.a(_udivmoddi4.o)
                0x00000000080005b0                __udivmoddi4
 .text          0x0000000008000730      0x620 /home/felix/opt/gcc-arm-none-eabi-6-2017-q1-update/bin/../lib/gcc/arm-none-eabi/6.3.1/thumb/v6-m/libgcc.a(adddf3.o)
                0x0000000008000730                __aeabi_dadd
 .text          0x0000000008000d50      0x668 /home/felix/opt/gcc-arm-none-eabi-6-2017-q1-update/bin/../lib/gcc/arm-none-eabi/6.3.1/thumb/v6-m/libgcc.a(divdf3.o)
                0x0000000008000d50                __aeabi_ddiv
 *fill*         0x00000000080013b8        0x8 
 .text          0x00000000080013c0       0x74 /home/felix/opt/gcc-arm-none-eabi-6-2017-q1-update/bin/../lib/gcc/arm-none-eabi/6.3.1/thumb/v6-m/libgcc.a(eqdf2.o)
                0x00000000080013c0                __eqdf2
                0x00000000080013c0                __nedf2
 *fill*         0x0000000008001434        0xc 
 .text          0x0000000008001440       0xc8 /home/felix/opt/gcc-arm-none-eabi-6-2017-q1-update/bin/../lib/gcc/arm-none-eabi/6.3.1/thumb/v6-m/libgcc.a(gedf2.o)
                0x0000000008001440                __gtdf2
                0x0000000008001440                __gedf2
 *fill*         0x0000000008001508        0x8 
 .text          0x0000000008001510       0xc4 /home/felix/opt/gcc-arm-none-eabi-6-2017-q1-update/bin/../lib/gcc/arm-none-eabi/6.3.1/thumb/v6-m/libgcc.a(ledf2.o)
                0x0000000008001510                __ltdf2
                0x0000000008001510                __ledf2
 *fill*         0x00000000080015d4        0xc 
 .text          0x00000000080015e0      0x500 /home/felix/opt/gcc-arm-none-eabi-6-2017-q1-update/bin/../lib/gcc/arm-none-eabi/6.3.1/thumb/v6-m/libgcc.a(muldf3.o)
                0x00000000080015e0                __aeabi_dmul
 .text          0x0000000008001ae0      0x62c /home/felix/opt/gcc-arm-none-eabi-6-2017-q1-update/bin/../lib/gcc/arm-none-eabi/6.3.1/thumb/v6-m/libgcc.a(subdf3.o)
                0x0000000008001ae0                __aeabi_dsub
 *fill*         0x000000000800210c        0x4 
 .text          0x0000000008002110       0x40 /home/felix/opt/gcc-arm-none-eabi-6-2017-q1-update/bin/../lib/gcc/arm-none-eabi/6.3.1/thumb/v6-m/libgcc.a(unorddf2.o)
                0x0000000008002110                __aeabi_dcmpun
 .text          0x0000000008002150       0x68 /home/felix/opt/gcc-arm-none-eabi-6-2017-q1-update/bin/../lib/gcc/arm-none-eabi/6.3.1/thumb/v6-m/libgcc.a(fixdfsi.o)
                0x0000000008002150                __aeabi_d2iz
 *fill*         0x00000000080021b8        0x8 
 .text          0x00000000080021c0       0x84 /home/felix/opt/gcc-arm-none-eabi-6-2017-q1-update/bin/../lib/gcc/arm-none-eabi/6.3.1/thumb/v6-m/libgcc.a(floatsidf.o)
                0x00000000080021c0                __aeabi_i2d
 *fill*         0x0000000008002244        0xc 
 .text          0x0000000008002250       0x70 /home/felix/opt/gcc-arm-none-eabi-6-2017-q1-update/bin/../lib/gcc/arm-none-eabi/6.3.1/thumb/v6-m/libgcc.a(floatunsidf.o)
                0x0000000008002250                __aeabi_ui2d
 .text          0x00000000080022c0       0x3c /home/felix/opt/gcc-arm-none-eabi-6-2017-q1-update/bin/../lib/gcc/arm-none-eabi/6.3.1/thumb/v6-m/libgcc.a(_clzsi2.o)
                0x00000000080022c0                __clzsi2
 *fill*         0x00000000080022fc        0x4 
 .text          0x0000000008002300       0x18 /home/felix/opt/gcc-arm-none-eabi-6-2017-q1-update/bin/../lib/gcc/arm-none-eabi/6.3.1/thumb/v6-m/libgcc.a(_clzdi2.o)
                0x0000000008002300                __clzdi2
 *(.text.*)
 *fill*         0x0000000008002318        0x8 
 .text.__core_init
                0x0000000008002320        0x4 build/obj/crt1.o
                0x0000000008002320                __core_init
 *fill*         0x0000000008002324        0xc 
 .text.__late_init
                0x0000000008002330        0x4 build/obj/crt1.o
                0x0000000008002330                __late_init
 *fill*         0x0000000008002334        0xc 
 .text.__default_exit
                0x0000000008002340        0x4 build/obj/crt1.o
                0x0000000008002340                __default_exit
 *fill*         0x0000000008002344        0xc 
 .text.__init_ram_areas
                0x0000000008002350       0x68 build/obj/crt1.o
                0x0000000008002350                __init_ram_areas
 *fill*         0x00000000080023b8        0x8 
 .text._unhandled_exception
                0x00000000080023c0        0x4 build/obj/vectors.o
                0x00000000080023c0                Vector58
                0x00000000080023c0                Vector9C
                0x00000000080023c0                VectorAC
                0x00000000080023c0                DebugMon_Handler
                0x00000000080023c0                Vector5C
                0x00000000080023c0                HardFault_Handler
                0x00000000080023c0                SysTick_Handler
                0x00000000080023c0                Vector8C
                0x00000000080023c0                PendSV_Handler
                0x00000000080023c0                Vector94
                0x00000000080023c0                VectorA8
                0x00000000080023c0                Vector74
                0x00000000080023c0                UsageFault_Handler
                0x00000000080023c0                Vector40
                0x00000000080023c0                VectorBC
                0x00000000080023c0                Vector64
                0x00000000080023c0                Vector54
                0x00000000080023c0                Vector98
                0x00000000080023c0                Vector24
                0x00000000080023c0                Vector84
                0x00000000080023c0                MemManage_Handler
                0x00000000080023c0                Vector6C
                0x00000000080023c0                VectorA0
                0x00000000080023c0                SVC_Handler
                0x00000000080023c0                Vector7C
                0x00000000080023c0                VectorB0
                0x00000000080023c0                Vector90
                0x00000000080023c0                Vector60
                0x00000000080023c0                Vector1C
                0x00000000080023c0                Vector48
                0x00000000080023c0                Vector70
                0x00000000080023c0                Vector4C
                0x00000000080023c0                Vector68
                0x00000000080023c0                Vector78
                0x00000000080023c0                _unhandled_exception
                0x00000000080023c0                Vector88
                0x00000000080023c0                BusFault_Handler
                0x00000000080023c0                Vector50
                0x00000000080023c0                Vector44
                0x00000000080023c0                Vector28
                0x00000000080023c0                VectorB8
                0x00000000080023c0                Vector34
                0x00000000080023c0                VectorA4
                0x00000000080023c0                Vector20
 *fill*         0x00000000080023c4        0xc 
 .text.NVIC_SetPriority
                0x00000000080023d0       0xec build/obj/chsys.o
 *fill*         0x00000000080024bc        0x4 
 .text.port_init
                0x00000000080024c0       0x14 build/obj/chsys.o
 *fill*         0x00000000080024d4        0xc 
 .text.port_lock
                0x00000000080024e0        0x8 build/obj/chsys.o
 *fill*         0x00000000080024e8        0x8 
 .text.port_unlock
                0x00000000080024f0        0x8 build/obj/chsys.o
 *fill*         0x00000000080024f8        0x8 
 .text.port_lock_from_isr
                0x0000000008002500        0xc build/obj/chsys.o
 *fill*         0x000000000800250c        0x4 
 .text.port_unlock_from_isr
                0x0000000008002510        0xc build/obj/chsys.o
 *fill*         0x000000000800251c        0x4 
 .text.port_disable
                0x0000000008002520        0x8 build/obj/chsys.o
 *fill*         0x0000000008002528        0x8 
 .text.port_enable
                0x0000000008002530        0x8 build/obj/chsys.o
 *fill*         0x0000000008002538        0x8 
 .text.port_wait_for_interrupt
                0x0000000008002540        0x4 build/obj/chsys.o
 *fill*         0x0000000008002544        0xc 
 .text.st_lld_get_counter
                0x0000000008002550       0x10 build/obj/chsys.o
 .text.port_timer_stop_alarm
                0x0000000008002560        0xc build/obj/chsys.o
 *fill*         0x000000000800256c        0x4 
 .text.port_timer_set_alarm
                0x0000000008002570       0x20 build/obj/chsys.o
 .text.port_timer_get_time
                0x0000000008002590        0xc build/obj/chsys.o
 *fill*         0x000000000800259c        0x4 
 .text.chSysEnable
                0x00000000080025a0       0x10 build/obj/chsys.o
 .text.chSysLockFromISR
                0x00000000080025b0       0x10 build/obj/chsys.o
 .text.chSysUnlockFromISR
                0x00000000080025c0       0x10 build/obj/chsys.o
 .text.chVTGetSystemTimeX
                0x00000000080025d0        0xc build/obj/chsys.o
 *fill*         0x00000000080025dc        0x4 
 .text.chVTDoTickI
                0x00000000080025e0      0x114 build/obj/chsys.o
 *fill*         0x00000000080026f4        0xc 
 .text.chRegSetThreadName
                0x0000000008002700       0x18 build/obj/chsys.o
 *fill*         0x0000000008002718        0x8 
 .text.chRegSetThreadNameX
                0x0000000008002720       0x14 build/obj/chsys.o
 *fill*         0x0000000008002734        0xc 
 .text._idle_thread
                0x0000000008002740        0xc build/obj/chsys.o
 *fill*         0x000000000800274c        0x4 
 .text.chSysInit
                0x0000000008002750       0x90 build/obj/chsys.o
                0x0000000008002750                chSysInit
 .text.chSysHalt
                0x00000000080027e0       0x18 build/obj/chsys.o
                0x00000000080027e0                chSysHalt
 *fill*         0x00000000080027f8        0x8 
 .text.chSysTimerHandlerI
                0x0000000008002800       0x10 build/obj/chsys.o
                0x0000000008002800                chSysTimerHandlerI
 .text.port_lock
                0x0000000008002810        0x8 build/obj/chdebug.o
 *fill*         0x0000000008002818        0x8 
 .text.port_unlock
                0x0000000008002820        0x8 build/obj/chdebug.o
 *fill*         0x0000000008002828        0x8 
 .text.port_lock_from_isr
                0x0000000008002830        0xc build/obj/chdebug.o
 *fill*         0x000000000800283c        0x4 
 .text.port_unlock_from_isr
                0x0000000008002840        0xc build/obj/chdebug.o
 *fill*         0x000000000800284c        0x4 
 .text.st_lld_get_counter
                0x0000000008002850       0x10 build/obj/chdebug.o
 .text.port_timer_get_time
                0x0000000008002860        0xc build/obj/chdebug.o
 *fill*         0x000000000800286c        0x4 
 .text.chVTGetSystemTimeX
                0x0000000008002870        0xc build/obj/chdebug.o
 *fill*         0x000000000800287c        0x4 
 .text._dbg_check_enable
                0x0000000008002880       0x28 build/obj/chdebug.o
                0x0000000008002880                _dbg_check_enable
 *fill*         0x00000000080028a8        0x8 
 .text._dbg_check_lock
                0x00000000080028b0       0x2c build/obj/chdebug.o
                0x00000000080028b0                _dbg_check_lock
 *fill*         0x00000000080028dc        0x4 
 .text._dbg_check_unlock
                0x00000000080028e0       0x2c build/obj/chdebug.o
                0x00000000080028e0                _dbg_check_unlock
 *fill*         0x000000000800290c        0x4 
 .text._dbg_check_lock_from_isr
                0x0000000008002910       0x2c build/obj/chdebug.o
                0x0000000008002910                _dbg_check_lock_from_isr
 *fill*         0x000000000800293c        0x4 
 .text._dbg_check_unlock_from_isr
                0x0000000008002940       0x2c build/obj/chdebug.o
                0x0000000008002940                _dbg_check_unlock_from_isr
 *fill*         0x000000000800296c        0x4 
 .text._dbg_check_enter_isr
                0x0000000008002970       0x38 build/obj/chdebug.o
                0x0000000008002970                _dbg_check_enter_isr
 *fill*         0x00000000080029a8        0x8 
 .text._dbg_check_leave_isr
                0x00000000080029b0       0x38 build/obj/chdebug.o
                0x00000000080029b0                _dbg_check_leave_isr
 *fill*         0x00000000080029e8        0x8 
 .text.chDbgCheckClassI
                0x00000000080029f0       0x28 build/obj/chdebug.o
                0x00000000080029f0                chDbgCheckClassI
 *fill*         0x0000000008002a18        0x8 
 .text.chDbgCheckClassS
                0x0000000008002a20       0x28 build/obj/chdebug.o
                0x0000000008002a20                chDbgCheckClassS
 *fill*         0x0000000008002a48        0x8 
 .text._dbg_trace_init
                0x0000000008002a50       0x18 build/obj/chdebug.o
                0x0000000008002a50                _dbg_trace_init
 *fill*         0x0000000008002a68        0x8 
 .text._dbg_trace
                0x0000000008002a70       0x60 build/obj/chdebug.o
                0x0000000008002a70                _dbg_trace
 .text.st_lld_get_counter
                0x0000000008002ad0       0x10 build/obj/chvt.o
 .text.port_timer_start_alarm
                0x0000000008002ae0       0x20 build/obj/chvt.o
 .text.port_timer_stop_alarm
                0x0000000008002b00        0xc build/obj/chvt.o
 *fill*         0x0000000008002b0c        0x4 
 .text.port_timer_set_alarm
                0x0000000008002b10       0x20 build/obj/chvt.o
 .text.port_timer_get_time
                0x0000000008002b30        0xc build/obj/chvt.o
 *fill*         0x0000000008002b3c        0x4 
 .text.chVTGetSystemTimeX
                0x0000000008002b40        0xc build/obj/chvt.o
 *fill*         0x0000000008002b4c        0x4 
 .text._vt_init
                0x0000000008002b50       0x28 build/obj/chvt.o
                0x0000000008002b50                _vt_init
 *fill*         0x0000000008002b78        0x8 
 .text.chVTDoSetI
                0x0000000008002b80      0x190 build/obj/chvt.o
                0x0000000008002b80                chVTDoSetI
 .text.chVTDoResetI
                0x0000000008002d10      0x120 build/obj/chvt.o
                0x0000000008002d10                chVTDoResetI
 .text.port_lock
                0x0000000008002e30        0x8 build/obj/chschd.o
 *fill*         0x0000000008002e38        0x8 
 .text.port_unlock
                0x0000000008002e40        0x8 build/obj/chschd.o
 *fill*         0x0000000008002e48        0x8 
 .text.port_lock_from_isr
                0x0000000008002e50        0xc build/obj/chschd.o
 *fill*         0x0000000008002e5c        0x4 
 .text.port_unlock_from_isr
                0x0000000008002e60        0xc build/obj/chschd.o
 *fill*         0x0000000008002e6c        0x4 
 .text.queue_init
                0x0000000008002e70       0x18 build/obj/chschd.o
 *fill*         0x0000000008002e88        0x8 
 .text.queue_fifo_remove
                0x0000000008002e90       0x24 build/obj/chschd.o
 *fill*         0x0000000008002eb4        0xc 
 .text.queue_dequeue
                0x0000000008002ec0       0x20 build/obj/chschd.o
 .text.chSysLockFromISR
                0x0000000008002ee0       0x10 build/obj/chschd.o
 .text.chSysUnlockFromISR
                0x0000000008002ef0       0x10 build/obj/chschd.o
 .text.chVTIsArmedI
                0x0000000008002f00       0x1c build/obj/chschd.o
 *fill*         0x0000000008002f1c        0x4 
 .text.chSemFastSignalI
                0x0000000008002f20       0x1c build/obj/chschd.o
 *fill*         0x0000000008002f3c        0x4 
 .text._scheduler_init
                0x0000000008002f40       0x24 build/obj/chschd.o
                0x0000000008002f40                _scheduler_init
 *fill*         0x0000000008002f64        0xc 
 .text.chSchReadyI
                0x0000000008002f70       0x80 build/obj/chschd.o
                0x0000000008002f70                chSchReadyI
 .text.chSchGoSleepS
                0x0000000008002ff0       0x80 build/obj/chschd.o
                0x0000000008002ff0                chSchGoSleepS
 .text.wakeup   0x0000000008003070       0x64 build/obj/chschd.o
 *fill*         0x00000000080030d4        0xc 
 .text.chSchGoSleepTimeoutS
                0x00000000080030e0       0x78 build/obj/chschd.o
                0x00000000080030e0                chSchGoSleepTimeoutS
 *fill*         0x0000000008003158        0x8 
 .text.chSchWakeupS
                0x0000000008003160       0xb0 build/obj/chschd.o
                0x0000000008003160                chSchWakeupS
 .text.chSchIsPreemptionRequired
                0x0000000008003210       0x28 build/obj/chschd.o
                0x0000000008003210                chSchIsPreemptionRequired
 *fill*         0x0000000008003238        0x8 
 .text.chSchDoRescheduleAhead
                0x0000000008003240       0xa0 build/obj/chschd.o
                0x0000000008003240                chSchDoRescheduleAhead
 .text.chSchDoReschedule
                0x00000000080032e0        0xc build/obj/chschd.o
                0x00000000080032e0                chSchDoReschedule
 *fill*         0x00000000080032ec        0x4 
 .text.port_lock
                0x00000000080032f0        0x8 build/obj/chthreads.o
 *fill*         0x00000000080032f8        0x8 
 .text.port_unlock
                0x0000000008003300        0x8 build/obj/chthreads.o
 *fill*         0x0000000008003308        0x8 
 .text.list_init
                0x0000000008003310       0x10 build/obj/chthreads.o
 .text.list_notempty
                0x0000000008003320       0x18 build/obj/chthreads.o
 *fill*         0x0000000008003338        0x8 
 .text.queue_init
                0x0000000008003340       0x18 build/obj/chthreads.o
 *fill*         0x0000000008003358        0x8 
 .text.queue_notempty
                0x0000000008003360       0x18 build/obj/chthreads.o
 *fill*         0x0000000008003378        0x8 
 .text.list_remove
                0x0000000008003380       0x1c build/obj/chthreads.o
 *fill*         0x000000000800339c        0x4 
 .text.queue_insert
                0x00000000080033a0       0x28 build/obj/chthreads.o
 *fill*         0x00000000080033c8        0x8 
 .text.queue_fifo_remove
                0x00000000080033d0       0x24 build/obj/chthreads.o
 *fill*         0x00000000080033f4        0xc 
 .text.chSysLock
                0x0000000008003400       0x10 build/obj/chthreads.o
 .text.chSysUnlock
                0x0000000008003410       0x38 build/obj/chthreads.o
 *fill*         0x0000000008003448        0x8 
 .text.chThdSleepS
                0x0000000008003450       0x38 build/obj/chthreads.o
 *fill*         0x0000000008003488        0x8 
 .text.chThdDoDequeueNextI
                0x0000000008003490       0x5c build/obj/chthreads.o
 *fill*         0x00000000080034ec        0x4 
 .text._thread_init
                0x00000000080034f0       0x84 build/obj/chthreads.o
                0x00000000080034f0                _thread_init
 *fill*         0x0000000008003574        0xc 
 .text._thread_memfill
                0x0000000008003580       0x2c build/obj/chthreads.o
                0x0000000008003580                _thread_memfill
 *fill*         0x00000000080035ac        0x4 
 .text.chThdCreateI
                0x00000000080035b0       0x74 build/obj/chthreads.o
                0x00000000080035b0                chThdCreateI
 *fill*         0x0000000008003624        0xc 
 .text.chThdCreateStatic
                0x0000000008003630       0x60 build/obj/chthreads.o
                0x0000000008003630                chThdCreateStatic
 .text.chThdSleep
                0x0000000008003690       0x28 build/obj/chthreads.o
                0x0000000008003690                chThdSleep
 *fill*         0x00000000080036b8        0x8 
 .text.chThdExit
                0x00000000080036c0       0x18 build/obj/chthreads.o
                0x00000000080036c0                chThdExit
 *fill*         0x00000000080036d8        0x8 
 .text.chThdExitS
                0x00000000080036e0       0x74 build/obj/chthreads.o
                0x00000000080036e0                chThdExitS
 *fill*         0x0000000008003754        0xc 
 .text.chThdEnqueueTimeoutS
                0x0000000008003760       0x48 build/obj/chthreads.o
                0x0000000008003760                chThdEnqueueTimeoutS
 *fill*         0x00000000080037a8        0x8 
 .text.chThdDequeueNextI
                0x00000000080037b0       0x28 build/obj/chthreads.o
                0x00000000080037b0                chThdDequeueNextI
 *fill*         0x00000000080037d8        0x8 
 .text.queue_init
                0x00000000080037e0       0x18 build/obj/chmtx.o
 *fill*         0x00000000080037f8        0x8 
 .text.chMtxObjectInit
                0x0000000008003800       0x2c build/obj/chmtx.o
                0x0000000008003800                chMtxObjectInit
 *fill*         0x000000000800382c        0x4 
 .text.chEvtBroadcastFlagsI
                0x0000000008003830       0x68 build/obj/chevents.o
                0x0000000008003830                chEvtBroadcastFlagsI
 *fill*         0x0000000008003898        0x8 
 .text.chEvtSignalI
                0x00000000080038a0       0x70 build/obj/chevents.o
                0x00000000080038a0                chEvtSignalI
 .text.port_lock
                0x0000000008003910        0x8 build/obj/chqueues.o
 *fill*         0x0000000008003918        0x8 
 .text.port_unlock
                0x0000000008003920        0x8 build/obj/chqueues.o
 *fill*         0x0000000008003928        0x8 
 .text.queue_init
                0x0000000008003930       0x18 build/obj/chqueues.o
 *fill*         0x0000000008003948        0x8 
 .text.chSysLock
                0x0000000008003950       0x10 build/obj/chqueues.o
 .text.chSysUnlock
                0x0000000008003960       0x38 build/obj/chqueues.o
 *fill*         0x0000000008003998        0x8 
 .text.chThdQueueObjectInit
                0x00000000080039a0       0x14 build/obj/chqueues.o
 *fill*         0x00000000080039b4        0xc 
 .text.chIQIsEmptyI
                0x00000000080039c0       0x1c build/obj/chqueues.o
 *fill*         0x00000000080039dc        0x4 
 .text.chIQIsFullI
                0x00000000080039e0       0x34 build/obj/chqueues.o
 *fill*         0x0000000008003a14        0xc 
 .text.chOQIsEmptyI
                0x0000000008003a20       0x34 build/obj/chqueues.o
 *fill*         0x0000000008003a54        0xc 
 .text.chOQIsFullI
                0x0000000008003a60       0x1c build/obj/chqueues.o
 *fill*         0x0000000008003a7c        0x4 
 .text.chIQObjectInit
                0x0000000008003a80       0x48 build/obj/chqueues.o
                0x0000000008003a80                chIQObjectInit
 *fill*         0x0000000008003ac8        0x8 
 .text.chIQPutI
                0x0000000008003ad0       0x68 build/obj/chqueues.o
                0x0000000008003ad0                chIQPutI
 *fill*         0x0000000008003b38        0x8 
 .text.chIQGetTimeout
                0x0000000008003b40       0x94 build/obj/chqueues.o
                0x0000000008003b40                chIQGetTimeout
 *fill*         0x0000000008003bd4        0xc 
 .text.chIQReadTimeout
                0x0000000008003be0       0xc4 build/obj/chqueues.o
                0x0000000008003be0                chIQReadTimeout
 *fill*         0x0000000008003ca4        0xc 
 .text.chOQObjectInit
                0x0000000008003cb0       0x48 build/obj/chqueues.o
                0x0000000008003cb0                chOQObjectInit
 *fill*         0x0000000008003cf8        0x8 
 .text.chOQPutTimeout
                0x0000000008003d00       0x98 build/obj/chqueues.o
                0x0000000008003d00                chOQPutTimeout
 *fill*         0x0000000008003d98        0x8 
 .text.chOQGetI
                0x0000000008003da0       0x64 build/obj/chqueues.o
                0x0000000008003da0                chOQGetI
 *fill*         0x0000000008003e04        0xc 
 .text.chOQWriteTimeout
                0x0000000008003e10       0xc4 build/obj/chqueues.o
                0x0000000008003e10                chOQWriteTimeout
 *fill*         0x0000000008003ed4        0xc 
 .text.port_lock
                0x0000000008003ee0        0x8 build/obj/chmemcore.o
 *fill*         0x0000000008003ee8        0x8 
 .text.port_unlock
                0x0000000008003ef0        0x8 build/obj/chmemcore.o
 *fill*         0x0000000008003ef8        0x8 
 .text.chSysLock
                0x0000000008003f00       0x10 build/obj/chmemcore.o
 .text.chSysUnlock
                0x0000000008003f10       0x38 build/obj/chmemcore.o
 *fill*         0x0000000008003f48        0x8 
 .text._core_init
                0x0000000008003f50       0x30 build/obj/chmemcore.o
                0x0000000008003f50                _core_init
 .text.chCoreAlloc
                0x0000000008003f80       0x24 build/obj/chmemcore.o
                0x0000000008003f80                chCoreAlloc
 *fill*         0x0000000008003fa4        0xc 
 .text.chCoreAllocI
                0x0000000008003fb0       0x50 build/obj/chmemcore.o
                0x0000000008003fb0                chCoreAllocI
 .text._heap_init
                0x0000000008004000       0x2c build/obj/chheap.o
                0x0000000008004000                _heap_init
 *fill*         0x000000000800402c        0x4 
 .text.port_lock
                0x0000000008004030        0x8 build/obj/chcore_v6m.o
 *fill*         0x0000000008004038        0x8 
 .text.port_unlock
                0x0000000008004040        0x8 build/obj/chcore_v6m.o
 *fill*         0x0000000008004048        0x8 
 .text.port_lock_from_isr
                0x0000000008004050        0xc build/obj/chcore_v6m.o
 *fill*         0x000000000800405c        0x4 
 .text.port_unlock_from_isr
                0x0000000008004060        0xc build/obj/chcore_v6m.o
 *fill*         0x000000000800406c        0x4 
 .text.NMI_Handler
                0x0000000008004070       0x2c build/obj/chcore_v6m.o
                0x0000000008004070                NMI_Handler
 *fill*         0x000000000800409c        0x4 
 .text._port_irq_epilogue
                0x00000000080040a0       0x5c build/obj/chcore_v6m.o
                0x00000000080040a0                _port_irq_epilogue
 *fill*         0x00000000080040fc        0x4 
 .text.osalInit
                0x0000000008004100        0x4 build/obj/hal.o
 *fill*         0x0000000008004104        0xc 
 .text.halInit  0x0000000008004110       0x28 build/obj/hal.o
                0x0000000008004110                halInit
 *fill*         0x0000000008004138        0x8 
 .text.st_lld_start_alarm
                0x0000000008004140       0x2c build/obj/st.o
 *fill*         0x000000000800416c        0x4 
 .text.st_lld_stop_alarm
                0x0000000008004170       0x10 build/obj/st.o
 .text.st_lld_set_alarm
                0x0000000008004180       0x20 build/obj/st.o
 .text.st_lld_is_alarm_active
                0x00000000080041a0       0x18 build/obj/st.o
 *fill*         0x00000000080041b8        0x8 
 .text.stInit   0x00000000080041c0        0xc build/obj/st.o
                0x00000000080041c0                stInit
 *fill*         0x00000000080041cc        0x4 
 .text.stStartAlarm
                0x00000000080041d0       0x34 build/obj/st.o
                0x00000000080041d0                stStartAlarm
 *fill*         0x0000000008004204        0xc 
 .text.stStopAlarm
                0x0000000008004210        0xc build/obj/st.o
                0x0000000008004210                stStopAlarm
 *fill*         0x000000000800421c        0x4 
 .text.stSetAlarm
                0x0000000008004220       0x3c build/obj/st.o
                0x0000000008004220                stSetAlarm
 *fill*         0x000000000800425c        0x4 
 .text.port_lock
                0x0000000008004260        0x8 build/obj/serial.o
 *fill*         0x0000000008004268        0x8 
 .text.port_unlock
                0x0000000008004270        0x8 build/obj/serial.o
 *fill*         0x0000000008004278        0x8 
 .text.chSysLock
                0x0000000008004280       0x10 build/obj/serial.o
 .text.chSysUnlock
                0x0000000008004290       0x38 build/obj/serial.o
 *fill*         0x00000000080042c8        0x8 
 .text.chEvtObjectInit
                0x00000000080042d0       0x10 build/obj/serial.o
 .text.chIQIsEmptyI
                0x00000000080042e0       0x1c build/obj/serial.o
 *fill*         0x00000000080042fc        0x4 
 .text.osalSysLock
                0x0000000008004300        0xc build/obj/serial.o
 *fill*         0x000000000800430c        0x4 
 .text.osalSysUnlock
                0x0000000008004310        0xc build/obj/serial.o
 *fill*         0x000000000800431c        0x4 
 .text.osalEventObjectInit
                0x0000000008004320       0x14 build/obj/serial.o
 *fill*         0x0000000008004334        0xc 
 .text.osalEventBroadcastFlagsI
                0x0000000008004340       0x1c build/obj/serial.o
 *fill*         0x000000000800435c        0x4 
 .text.write    0x0000000008004360       0x28 build/obj/serial.o
 *fill*         0x0000000008004388        0x8 
 .text.read     0x0000000008004390       0x28 build/obj/serial.o
 *fill*         0x00000000080043b8        0x8 
 .text.put      0x00000000080043c0       0x30 build/obj/serial.o
 .text.get      0x00000000080043f0       0x20 build/obj/serial.o
 .text.putt     0x0000000008004410       0x38 build/obj/serial.o
 *fill*         0x0000000008004448        0x8 
 .text.gett     0x0000000008004450       0x2c build/obj/serial.o
 *fill*         0x000000000800447c        0x4 
 .text.writet   0x0000000008004480       0x30 build/obj/serial.o
 .text.readt    0x00000000080044b0       0x30 build/obj/serial.o
 .text.sdInit   0x00000000080044e0        0xc build/obj/serial.o
                0x00000000080044e0                sdInit
 *fill*         0x00000000080044ec        0x4 
 .text.sdObjectInit
                0x00000000080044f0       0x60 build/obj/serial.o
                0x00000000080044f0                sdObjectInit
 .text.sdStart  0x0000000008004550       0x54 build/obj/serial.o
                0x0000000008004550                sdStart
 *fill*         0x00000000080045a4        0xc 
 .text.sdIncomingDataI
                0x00000000080045b0       0x68 build/obj/serial.o
                0x00000000080045b0                sdIncomingDataI
 *fill*         0x0000000008004618        0x8 
 .text.nvicEnableVector
                0x0000000008004620       0x7c build/obj/nvic.o
                0x0000000008004620                nvicEnableVector
 *fill*         0x000000000800469c        0x4 
 .text.hal_lld_backup_domain_init
                0x00000000080046a0       0x64 build/obj/hal_lld.o
 *fill*         0x0000000008004704        0xc 
 .text.hal_lld_init
                0x0000000008004710       0x58 build/obj/hal_lld.o
                0x0000000008004710                hal_lld_init
 *fill*         0x0000000008004768        0x8 
 .text.stm32_clock_init
                0x0000000008004770       0xe4 build/obj/hal_lld.o
                0x0000000008004770                stm32_clock_init
 *fill*         0x0000000008004854        0xc 
 .text.port_lock
                0x0000000008004860        0x8 build/obj/st_lld.o
 *fill*         0x0000000008004868        0x8 
 .text.port_unlock
                0x0000000008004870        0x8 build/obj/st_lld.o
 *fill*         0x0000000008004878        0x8 
 .text.port_lock_from_isr
                0x0000000008004880        0xc build/obj/st_lld.o
 *fill*         0x000000000800488c        0x4 
 .text.port_unlock_from_isr
                0x0000000008004890        0xc build/obj/st_lld.o
 *fill*         0x000000000800489c        0x4 
 .text.chSysLockFromISR
                0x00000000080048a0       0x10 build/obj/st_lld.o
 .text.chSysUnlockFromISR
                0x00000000080048b0       0x10 build/obj/st_lld.o
 .text.osalSysLockFromISR
                0x00000000080048c0        0xc build/obj/st_lld.o
 *fill*         0x00000000080048cc        0x4 
 .text.osalSysUnlockFromISR
                0x00000000080048d0        0xc build/obj/st_lld.o
 *fill*         0x00000000080048dc        0x4 
 .text.osalOsTimerHandlerI
                0x00000000080048e0        0xc build/obj/st_lld.o
 *fill*         0x00000000080048ec        0x4 
 .text.Vector80
                0x00000000080048f0       0x40 build/obj/st_lld.o
                0x00000000080048f0                Vector80
 .text.st_lld_init
                0x0000000008004930       0x6c build/obj/st_lld.o
                0x0000000008004930                st_lld_init
 *fill*         0x000000000800499c        0x4 
 .text.initgpio
                0x00000000080049a0       0x44 build/obj/pal_lld.o
 *fill*         0x00000000080049e4        0xc 
 .text._pal_lld_init
                0x00000000080049f0       0x64 build/obj/pal_lld.o
                0x00000000080049f0                _pal_lld_init
 *fill*         0x0000000008004a54        0xc 
 .text._pal_lld_setgroupmode
                0x0000000008004a60      0x16c build/obj/pal_lld.o
                0x0000000008004a60                _pal_lld_setgroupmode
 *fill*         0x0000000008004bcc        0x4 
 .text.port_lock
                0x0000000008004bd0        0x8 build/obj/serial_lld.o
 *fill*         0x0000000008004bd8        0x8 
 .text.port_unlock
                0x0000000008004be0        0x8 build/obj/serial_lld.o
 *fill*         0x0000000008004be8        0x8 
 .text.port_lock_from_isr
                0x0000000008004bf0        0xc build/obj/serial_lld.o
 *fill*         0x0000000008004bfc        0x4 
 .text.port_unlock_from_isr
                0x0000000008004c00        0xc build/obj/serial_lld.o
 *fill*         0x0000000008004c0c        0x4 
 .text.chSysLockFromISR
                0x0000000008004c10       0x10 build/obj/serial_lld.o
 .text.chSysUnlockFromISR
                0x0000000008004c20       0x10 build/obj/serial_lld.o
 .text.chOQIsEmptyI
                0x0000000008004c30       0x34 build/obj/serial_lld.o
 *fill*         0x0000000008004c64        0xc 
 .text.osalSysLockFromISR
                0x0000000008004c70        0xc build/obj/serial_lld.o
 *fill*         0x0000000008004c7c        0x4 
 .text.osalSysUnlockFromISR
                0x0000000008004c80        0xc build/obj/serial_lld.o
 *fill*         0x0000000008004c8c        0x4 
 .text.osalEventBroadcastFlagsI
                0x0000000008004c90       0x1c build/obj/serial_lld.o
 *fill*         0x0000000008004cac        0x4 
 .text.usart_init
                0x0000000008004cb0       0x60 build/obj/serial_lld.o
 .text.set_error
                0x0000000008004d10       0x6c build/obj/serial_lld.o
 *fill*         0x0000000008004d7c        0x4 
 .text.serve_interrupt
                0x0000000008004d80       0xe4 build/obj/serial_lld.o
 *fill*         0x0000000008004e64        0xc 
 .text.notify5  0x0000000008004e70       0x1c build/obj/serial_lld.o
 *fill*         0x0000000008004e8c        0x4 
 .text.VectorB4
                0x0000000008004e90       0x2c build/obj/serial_lld.o
                0x0000000008004e90                VectorB4
 *fill*         0x0000000008004ebc        0x4 
 .text.sd_lld_init
                0x0000000008004ec0       0x40 build/obj/serial_lld.o
                0x0000000008004ec0                sd_lld_init
 .text.sd_lld_start
                0x0000000008004f00       0x50 build/obj/serial_lld.o
                0x0000000008004f00                sd_lld_start
 .text.__early_init
                0x0000000008004f50        0xc build/obj/board.o
                0x0000000008004f50                __early_init
 *fill*         0x0000000008004f5c        0x4 
 .text.boardInit
                0x0000000008004f60        0x4 build/obj/board.o
                0x0000000008004f60                boardInit
 *fill*         0x0000000008004f64        0xc 
 .text._ZL9port_lockv
                0x0000000008004f70        0x8 build/obj/main.o
 *fill*         0x0000000008004f78        0x8 
 .text._ZL11port_unlockv
                0x0000000008004f80        0x8 build/obj/main.o
 *fill*         0x0000000008004f88        0x8 
 .text._ZL18st_lld_get_counterv
                0x0000000008004f90       0x10 build/obj/main.o
 .text._ZL19port_timer_get_timev
                0x0000000008004fa0        0xc build/obj/main.o
 *fill*         0x0000000008004fac        0x4 
 .text._ZL9chSysLockv
                0x0000000008004fb0       0x10 build/obj/main.o
 .text._ZL11chSysUnlockv
                0x0000000008004fc0       0x38 build/obj/main.o
 *fill*         0x0000000008004ff8        0x8 
 .text._ZL18chVTGetSystemTimeXv
                0x0000000008005000        0xc build/obj/main.o
 *fill*         0x000000000800500c        0x4 
 .text._ZL17chVTGetSystemTimev
                0x0000000008005010       0x24 build/obj/main.o
 *fill*         0x0000000008005034        0xc 
 .text._Z8initUARTv
                0x0000000008005040       0x28 build/obj/main.o
                0x0000000008005040                initUART()
 *fill*         0x0000000008005068        0x8 
 .text._Z19writeSensorDataUARTt
                0x0000000008005070       0x58 build/obj/main.o
                0x0000000008005070                writeSensorDataUART(unsigned short)
 *fill*         0x00000000080050c8        0x8 
 .text._Z10initSensorv
                0x00000000080050d0       0x28 build/obj/main.o
                0x00000000080050d0                initSensor()
 *fill*         0x00000000080050f8        0x8 
 .text._Z9readValuev
                0x0000000008005100       0x98 build/obj/main.o
                0x0000000008005100                readValue()
 *fill*         0x0000000008005198        0x8 
 .text.main     0x00000000080051a0       0x48 build/obj/main.o
                0x00000000080051a0                main
 *fill*         0x00000000080051e8        0x8 
 .text.memcpy   0x00000000080051f0       0x84 /home/felix/opt/gcc-arm-none-eabi-6-2017-q1-update/bin/../lib/gcc/arm-none-eabi/6.3.1/../../../../arm-none-eabi/lib/thumb/v6-m/libg.a(lib_a-memcpy-stub.o)
                0x00000000080051f0                memcpy
 *fill*         0x0000000008005274        0xc 
 .text.sprintf  0x0000000008005280       0x44 /home/felix/opt/gcc-arm-none-eabi-6-2017-q1-update/bin/../lib/gcc/arm-none-eabi/6.3.1/../../../../arm-none-eabi/lib/thumb/v6-m/libg.a(lib_a-sprintf.o)
                0x0000000008005280                sprintf
 *fill*         0x00000000080052c4        0xc 
 .text._svfprintf_r
                0x00000000080052d0     0x15fc /home/felix/opt/gcc-arm-none-eabi-6-2017-q1-update/bin/../lib/gcc/arm-none-eabi/6.3.1/../../../../arm-none-eabi/lib/thumb/v6-m/libg.a(lib_a-svfprintf.o)
                0x00000000080052d0                _svfprintf_r
 *fill*         0x00000000080068cc        0x4 
 .text.quorem   0x00000000080068d0      0x154 /home/felix/opt/gcc-arm-none-eabi-6-2017-q1-update/bin/../lib/gcc/arm-none-eabi/6.3.1/../../../../arm-none-eabi/lib/thumb/v6-m/libg.a(lib_a-dtoa.o)
 *fill*         0x0000000008006a24        0xc 
 .text._dtoa_r  0x0000000008006a30      0xf88 /home/felix/opt/gcc-arm-none-eabi-6-2017-q1-update/bin/../lib/gcc/arm-none-eabi/6.3.1/../../../../arm-none-eabi/lib/thumb/v6-m/libg.a(lib_a-dtoa.o)
                0x0000000008006a30                _dtoa_r
 *fill*         0x00000000080079b8        0x8 
 .text._malloc_trim_r
                0x00000000080079c0       0xa0 /home/felix/opt/gcc-arm-none-eabi-6-2017-q1-update/bin/../lib/gcc/arm-none-eabi/6.3.1/../../../../arm-none-eabi/lib/thumb/v6-m/libg.a(lib_a-freer.o)
                0x00000000080079c0                _malloc_trim_r
 .text._free_r  0x0000000008007a60      0x1bc /home/felix/opt/gcc-arm-none-eabi-6-2017-q1-update/bin/../lib/gcc/arm-none-eabi/6.3.1/../../../../arm-none-eabi/lib/thumb/v6-m/libg.a(lib_a-freer.o)
                0x0000000008007a60                _free_r
 *fill*         0x0000000008007c1c        0x4 
 .text._localeconv_r
                0x0000000008007c20       0x1c /home/felix/opt/gcc-arm-none-eabi-6-2017-q1-update/bin/../lib/gcc/arm-none-eabi/6.3.1/../../../../arm-none-eabi/lib/thumb/v6-m/libg.a(lib_a-localeconv.o)
                0x0000000008007c20                _localeconv_r
 *fill*         0x0000000008007c3c        0x4 
 .text._malloc_r
                0x0000000008007c40      0x568 /home/felix/opt/gcc-arm-none-eabi-6-2017-q1-update/bin/../lib/gcc/arm-none-eabi/6.3.1/../../../../arm-none-eabi/lib/thumb/v6-m/libg.a(lib_a-mallocr.o)
                0x0000000008007c40                _malloc_r
 *fill*         0x00000000080081a8        0x8 
 .text.memchr   0x00000000080081b0       0x80 /home/felix/opt/gcc-arm-none-eabi-6-2017-q1-update/bin/../lib/gcc/arm-none-eabi/6.3.1/../../../../arm-none-eabi/lib/thumb/v6-m/libg.a(lib_a-memchr-stub.o)
                0x00000000080081b0                memchr
 .text.__malloc_lock
                0x0000000008008230       0x10 /home/felix/opt/gcc-arm-none-eabi-6-2017-q1-update/bin/../lib/gcc/arm-none-eabi/6.3.1/../../../../arm-none-eabi/lib/thumb/v6-m/libg.a(lib_a-mlock.o)
                0x0000000008008230                __malloc_lock
 .text.__malloc_unlock
                0x0000000008008240       0x10 /home/felix/opt/gcc-arm-none-eabi-6-2017-q1-update/bin/../lib/gcc/arm-none-eabi/6.3.1/../../../../arm-none-eabi/lib/thumb/v6-m/libg.a(lib_a-mlock.o)
                0x0000000008008240                __malloc_unlock
 .text._Balloc  0x0000000008008250       0x50 /home/felix/opt/gcc-arm-none-eabi-6-2017-q1-update/bin/../lib/gcc/arm-none-eabi/6.3.1/../../../../arm-none-eabi/lib/thumb/v6-m/libg.a(lib_a-mprec.o)
                0x0000000008008250                _Balloc
 .text._Bfree   0x00000000080082a0       0x14 /home/felix/opt/gcc-arm-none-eabi-6-2017-q1-update/bin/../lib/gcc/arm-none-eabi/6.3.1/../../../../arm-none-eabi/lib/thumb/v6-m/libg.a(lib_a-mprec.o)
                0x00000000080082a0                _Bfree
 *fill*         0x00000000080082b4        0xc 
 .text.__multadd
                0x00000000080082c0       0x8c /home/felix/opt/gcc-arm-none-eabi-6-2017-q1-update/bin/../lib/gcc/arm-none-eabi/6.3.1/../../../../arm-none-eabi/lib/thumb/v6-m/libg.a(lib_a-mprec.o)
                0x00000000080082c0                __multadd
 *fill*         0x000000000800834c        0x4 
 .text.__hi0bits
                0x0000000008008350       0x34 /home/felix/opt/gcc-arm-none-eabi-6-2017-q1-update/bin/../lib/gcc/arm-none-eabi/6.3.1/../../../../arm-none-eabi/lib/thumb/v6-m/libg.a(lib_a-mprec.o)
                0x0000000008008350                __hi0bits
 *fill*         0x0000000008008384        0xc 
 .text.__lo0bits
                0x0000000008008390       0x5c /home/felix/opt/gcc-arm-none-eabi-6-2017-q1-update/bin/../lib/gcc/arm-none-eabi/6.3.1/../../../../arm-none-eabi/lib/thumb/v6-m/libg.a(lib_a-mprec.o)
                0x0000000008008390                __lo0bits
 *fill*         0x00000000080083ec        0x4 
 .text.__i2b    0x00000000080083f0       0x14 /home/felix/opt/gcc-arm-none-eabi-6-2017-q1-update/bin/../lib/gcc/arm-none-eabi/6.3.1/../../../../arm-none-eabi/lib/thumb/v6-m/libg.a(lib_a-mprec.o)
                0x00000000080083f0                __i2b
 *fill*         0x0000000008008404        0xc 
 .text.__multiply
                0x0000000008008410      0x154 /home/felix/opt/gcc-arm-none-eabi-6-2017-q1-update/bin/../lib/gcc/arm-none-eabi/6.3.1/../../../../arm-none-eabi/lib/thumb/v6-m/libg.a(lib_a-mprec.o)
                0x0000000008008410                __multiply
 *fill*         0x0000000008008564        0xc 
 .text.__pow5mult
                0x0000000008008570       0xc0 /home/felix/opt/gcc-arm-none-eabi-6-2017-q1-update/bin/../lib/gcc/arm-none-eabi/6.3.1/../../../../arm-none-eabi/lib/thumb/v6-m/libg.a(lib_a-mprec.o)
                0x0000000008008570                __pow5mult
 .text.__lshift
                0x0000000008008630       0xc0 /home/felix/opt/gcc-arm-none-eabi-6-2017-q1-update/bin/../lib/gcc/arm-none-eabi/6.3.1/../../../../arm-none-eabi/lib/thumb/v6-m/libg.a(lib_a-mprec.o)
                0x0000000008008630                __lshift
 .text.__mcmp   0x00000000080086f0       0x34 /home/felix/opt/gcc-arm-none-eabi-6-2017-q1-update/bin/../lib/gcc/arm-none-eabi/6.3.1/../../../../arm-none-eabi/lib/thumb/v6-m/libg.a(lib_a-mprec.o)
                0x00000000080086f0                __mcmp
 *fill*         0x0000000008008724        0xc 
 .text.__mdiff  0x0000000008008730      0x138 /home/felix/opt/gcc-arm-none-eabi-6-2017-q1-update/bin/../lib/gcc/arm-none-eabi/6.3.1/../../../../arm-none-eabi/lib/thumb/v6-m/libg.a(lib_a-mprec.o)
                0x0000000008008730                __mdiff
 *fill*         0x0000000008008868        0x8 
 .text.__d2b    0x0000000008008870       0xbc /home/felix/opt/gcc-arm-none-eabi-6-2017-q1-update/bin/../lib/gcc/arm-none-eabi/6.3.1/../../../../arm-none-eabi/lib/thumb/v6-m/libg.a(lib_a-mprec.o)
                0x0000000008008870                __d2b
 *fill*         0x000000000800892c        0x4 
 .text._sbrk_r  0x0000000008008930       0x24 /home/felix/opt/gcc-arm-none-eabi-6-2017-q1-update/bin/../lib/gcc/arm-none-eabi/6.3.1/../../../../arm-none-eabi/lib/thumb/v6-m/libg.a(lib_a-sbrkr.o)
                0x0000000008008930                _sbrk_r
 *fill*         0x0000000008008954        0xc 
 .text.strlen   0x0000000008008960       0x64 /home/felix/opt/gcc-arm-none-eabi-6-2017-q1-update/bin/../lib/gcc/arm-none-eabi/6.3.1/../../../../arm-none-eabi/lib/thumb/v6-m/libg.a(lib_a-strlen-stub.o)
                0x0000000008008960                strlen
 *fill*         0x00000000080089c4        0xc 
 .text.__ssprint_r
                0x00000000080089d0      0x120 /home/felix/opt/gcc-arm-none-eabi-6-2017-q1-update/bin/../lib/gcc/arm-none-eabi/6.3.1/../../../../arm-none-eabi/lib/thumb/v6-m/libg.a(lib_a-svfiprintf.o)
                0x00000000080089d0                __ssprint_r
 .text._calloc_r
                0x0000000008008af0       0x58 /home/felix/opt/gcc-arm-none-eabi-6-2017-q1-update/bin/../lib/gcc/arm-none-eabi/6.3.1/../../../../arm-none-eabi/lib/thumb/v6-m/libg.a(lib_a-callocr.o)
                0x0000000008008af0                _calloc_r
 *fill*         0x0000000008008b48        0x8 
 .text.__retarget_lock_acquire_recursive
                0x0000000008008b50        0x4 /home/felix/opt/gcc-arm-none-eabi-6-2017-q1-update/bin/../lib/gcc/arm-none-eabi/6.3.1/../../../../arm-none-eabi/lib/thumb/v6-m/libg.a(lib_a-lock.o)
                0x0000000008008b50                __retarget_lock_acquire_recursive
 *fill*         0x0000000008008b54        0xc 
 .text.__retarget_lock_release_recursive
                0x0000000008008b60        0x4 /home/felix/opt/gcc-arm-none-eabi-6-2017-q1-update/bin/../lib/gcc/arm-none-eabi/6.3.1/../../../../arm-none-eabi/lib/thumb/v6-m/libg.a(lib_a-lock.o)
                0x0000000008008b60                __retarget_lock_release_recursive
 *fill*         0x0000000008008b64        0xc 
 .text.__ascii_mbtowc
                0x0000000008008b70       0x2c /home/felix/opt/gcc-arm-none-eabi-6-2017-q1-update/bin/../lib/gcc/arm-none-eabi/6.3.1/../../../../arm-none-eabi/lib/thumb/v6-m/libg.a(lib_a-mbtowc_r.o)
                0x0000000008008b70                __ascii_mbtowc
 *fill*         0x0000000008008b9c        0x4 
 .text.memmove  0x0000000008008ba0       0xa0 /home/felix/opt/gcc-arm-none-eabi-6-2017-q1-update/bin/../lib/gcc/arm-none-eabi/6.3.1/../../../../arm-none-eabi/lib/thumb/v6-m/libg.a(lib_a-memmove.o)
                0x0000000008008ba0                memmove
 .text.memset   0x0000000008008c40       0x94 /home/felix/opt/gcc-arm-none-eabi-6-2017-q1-update/bin/../lib/gcc/arm-none-eabi/6.3.1/../../../../arm-none-eabi/lib/thumb/v6-m/libg.a(lib_a-memset.o)
                0x0000000008008c40                memset
 *fill*         0x0000000008008cd4        0xc 
 .text._realloc_r
                0x0000000008008ce0      0x37c /home/felix/opt/gcc-arm-none-eabi-6-2017-q1-update/bin/../lib/gcc/arm-none-eabi/6.3.1/../../../../arm-none-eabi/lib/thumb/v6-m/libg.a(lib_a-reallocr.o)
                0x0000000008008ce0                _realloc_r
 *fill*         0x000000000800905c        0x4 
 .text.__ascii_wctomb
                0x0000000008009060       0x1c /home/felix/opt/gcc-arm-none-eabi-6-2017-q1-update/bin/../lib/gcc/arm-none-eabi/6.3.1/../../../../arm-none-eabi/lib/thumb/v6-m/libg.a(lib_a-wctomb_r.o)
                0x0000000008009060                __ascii_wctomb
 *fill*         0x000000000800907c        0x4 
 .text._sbrk    0x0000000008009080       0x1c /home/felix/opt/gcc-arm-none-eabi-6-2017-q1-update/bin/../lib/gcc/arm-none-eabi/6.3.1/../../../../arm-none-eabi/lib/thumb/v6-m/libnosys.a(sbrk.o)
                0x0000000008009080                _sbrk
 *(.rodata)
 *fill*         0x000000000800909c        0x4 
 .rodata        0x00000000080090a0        0x5 build/obj/chsys.o
 *fill*         0x00000000080090a5        0xb 
 .rodata        0x00000000080090b0       0x56 build/obj/chdebug.o
 *fill*         0x0000000008009106        0xa 
 .rodata        0x0000000008009110        0xf build/obj/chschd.o
 *fill*         0x000000000800911f        0x1 
 .rodata        0x0000000008009120        0x3 build/obj/main.o
 *fill*         0x0000000008009123        0xd 
 .rodata        0x0000000008009130       0x40 /home/felix/opt/gcc-arm-none-eabi-6-2017-q1-update/bin/../lib/gcc/arm-none-eabi/6.3.1/thumb/v6-m/libgcc.a(divdf3.o)
 .rodata        0x0000000008009170       0x40 /home/felix/opt/gcc-arm-none-eabi-6-2017-q1-update/bin/../lib/gcc/arm-none-eabi/6.3.1/thumb/v6-m/libgcc.a(muldf3.o)
 *(.rodata.*)
 .rodata.ram_areas
                0x00000000080091b0       0x80 build/obj/crt1.o
 .rodata.__func__.5082
                0x0000000008009230        0xc build/obj/chsys.o
 *fill*         0x000000000800923c        0x4 
 .rodata.__func__.5704
                0x0000000008009240        0xb build/obj/chvt.o
 *fill*         0x000000000800924b        0x5 
 .rodata.__func__.5712
                0x0000000008009250        0xd build/obj/chvt.o
 *fill*         0x000000000800925d        0x3 
 .rodata.wakeup
                0x0000000008009260       0x20 build/obj/chschd.o
 .rodata.__func__.5701
                0x0000000008009280        0xc build/obj/chschd.o
 *fill*         0x000000000800928c        0x4 
 .rodata.__func__.5729
                0x0000000008009290        0xd build/obj/chschd.o
 *fill*         0x000000000800929d        0x3 
 .rodata.__func__.5713
                0x00000000080092a0        0xd build/obj/chthreads.o
 *fill*         0x00000000080092ad        0x3 
 .rodata.__func__.4993
                0x00000000080092b0        0xc build/obj/chthreads.o
 *fill*         0x00000000080092bc        0x4 
 .rodata.__func__.5167
                0x00000000080092c0        0xc build/obj/chthreads.o
 *fill*         0x00000000080092cc        0x4 
 .rodata.__func__.5757
                0x00000000080092d0        0xb build/obj/chthreads.o
 *fill*         0x00000000080092db        0x5 
 .rodata.__func__.5179
                0x00000000080092e0       0x14 build/obj/chthreads.o
 *fill*         0x00000000080092f4        0xc 
 .rodata.ch_debug
                0x0000000008009300       0x16 build/obj/chregistry.o
                0x0000000008009300                ch_debug
 *fill*         0x0000000008009316        0xa 
 .rodata.__func__.5696
                0x0000000008009320       0x10 build/obj/chmtx.o
 .rodata.__func__.5721
                0x0000000008009330       0x15 build/obj/chevents.o
 *fill*         0x0000000008009345        0xb 
 .rodata.__func__.5738
                0x0000000008009350        0xd build/obj/chevents.o
 *fill*         0x000000000800935d        0x3 
 .rodata.__func__.4993
                0x0000000008009360        0xc build/obj/chqueues.o
 *fill*         0x000000000800936c        0x4 
 .rodata.__func__.5724
                0x0000000008009370       0x10 build/obj/chqueues.o
 .rodata.__func__.5760
                0x0000000008009380       0x11 build/obj/chqueues.o
 *fill*         0x0000000008009391        0xf 
 .rodata.__func__.4993
                0x00000000080093a0        0xc build/obj/chmemcore.o
 *fill*         0x00000000080093ac        0x4 
 .rodata.__func__.6211
                0x00000000080093b0        0xd build/obj/st.o
 *fill*         0x00000000080093bd        0x3 
 .rodata.__func__.6218
                0x00000000080093c0        0xb build/obj/st.o
 *fill*         0x00000000080093cb        0x5 
 .rodata.vmt    0x00000000080093d0       0x20 build/obj/serial.o
 .rodata.__func__.6256
                0x00000000080093f0        0x8 build/obj/serial.o
 *fill*         0x00000000080093f8        0x8 
 .rodata.__func__.4993
                0x0000000008009400        0xc build/obj/serial.o
 *fill*         0x000000000800940c        0x4 
 .rodata.__func__.6265
                0x0000000008009410       0x10 build/obj/serial.o
 .rodata.default_config
                0x0000000008009420       0x10 build/obj/serial_lld.o
 .rodata.pal_default_config
                0x0000000008009430       0x70 build/obj/board.o
                0x0000000008009430                pal_default_config
 .rodata._ZZL11chSysUnlockvE8__func__
                0x00000000080094a0        0xc build/obj/main.o
 *fill*         0x00000000080094ac        0x4 
 .rodata._svfprintf_r
                0x00000000080094b0      0x164 /home/felix/opt/gcc-arm-none-eabi-6-2017-q1-update/bin/../lib/gcc/arm-none-eabi/6.3.1/../../../../arm-none-eabi/lib/thumb/v6-m/libg.a(lib_a-svfprintf.o)
 *fill*         0x0000000008009614        0xc 
 .rodata._svfprintf_r.str1.4
                0x0000000008009620       0x42 /home/felix/opt/gcc-arm-none-eabi-6-2017-q1-update/bin/../lib/gcc/arm-none-eabi/6.3.1/../../../../arm-none-eabi/lib/thumb/v6-m/libg.a(lib_a-svfprintf.o)
 *fill*         0x0000000008009662        0xe 
 .rodata.blanks.7228
                0x0000000008009670       0x10 /home/felix/opt/gcc-arm-none-eabi-6-2017-q1-update/bin/../lib/gcc/arm-none-eabi/6.3.1/../../../../arm-none-eabi/lib/thumb/v6-m/libg.a(lib_a-svfprintf.o)
 .rodata.zeroes.7229
                0x0000000008009680       0x10 /home/felix/opt/gcc-arm-none-eabi-6-2017-q1-update/bin/../lib/gcc/arm-none-eabi/6.3.1/../../../../arm-none-eabi/lib/thumb/v6-m/libg.a(lib_a-svfprintf.o)
 .rodata._dtoa_r.str1.4
                0x0000000008009690       0x10 /home/felix/opt/gcc-arm-none-eabi-6-2017-q1-update/bin/../lib/gcc/arm-none-eabi/6.3.1/../../../../arm-none-eabi/lib/thumb/v6-m/libg.a(lib_a-dtoa.o)
                                         0x12 (size before relaxing)
 .rodata.__mprec_bigtens
                0x00000000080096a0       0x28 /home/felix/opt/gcc-arm-none-eabi-6-2017-q1-update/bin/../lib/gcc/arm-none-eabi/6.3.1/../../../../arm-none-eabi/lib/thumb/v6-m/libg.a(lib_a-mprec.o)
                0x00000000080096a0                __mprec_bigtens
 *fill*         0x00000000080096c8        0x8 
 .rodata.__mprec_tens
                0x00000000080096d0       0xc8 /home/felix/opt/gcc-arm-none-eabi-6-2017-q1-update/bin/../lib/gcc/arm-none-eabi/6.3.1/../../../../arm-none-eabi/lib/thumb/v6-m/libg.a(lib_a-mprec.o)
                0x00000000080096d0                __mprec_tens
 *fill*         0x0000000008009798        0x8 
 .rodata.p05.6060
                0x00000000080097a0        0xc /home/felix/opt/gcc-arm-none-eabi-6-2017-q1-update/bin/../lib/gcc/arm-none-eabi/6.3.1/../../../../arm-none-eabi/lib/thumb/v6-m/libg.a(lib_a-mprec.o)
 *fill*         0x00000000080097ac        0x4 
 .rodata._setlocale_r.str1.4
                0x00000000080097b0        0xa /home/felix/opt/gcc-arm-none-eabi-6-2017-q1-update/bin/../lib/gcc/arm-none-eabi/6.3.1/../../../../arm-none-eabi/lib/thumb/v6-m/libg.a(lib_a-locale.o)
                                          0xd (size before relaxing)
 *fill*         0x00000000080097ba        0x6 
 .rodata.str1.4
                0x00000000080097c0        0x4 /home/felix/opt/gcc-arm-none-eabi-6-2017-q1-update/bin/../lib/gcc/arm-none-eabi/6.3.1/../../../../arm-none-eabi/lib/thumb/v6-m/libg.a(lib_a-locale.o)
                                          0x2 (size before relaxing)
 *fill*         0x00000000080097c4        0xc 
 .rodata._ctype_
                0x00000000080097d0      0x101 /home/felix/opt/gcc-arm-none-eabi-6-2017-q1-update/bin/../lib/gcc/arm-none-eabi/6.3.1/../../../../arm-none-eabi/lib/thumb/v6-m/libg.a(lib_a-ctype_.o)
                0x00000000080097d0                _ctype_
 *(.glue_7t)
 .glue_7t       0x00000000080098d1        0x0 linker stubs
 *(.glue_7)
 .glue_7        0x00000000080098d1        0x0 linker stubs
 *(.gcc*)

.vfp11_veneer   0x00000000080098d4        0x0
 .vfp11_veneer  0x00000000080098d4        0x0 linker stubs

.v4_bx          0x00000000080098d4        0x0
 .v4_bx         0x00000000080098d4        0x0 linker stubs

.iplt           0x00000000080098d4        0x0
 .iplt          0x00000000080098d4        0x0 build/obj/crt0_v6m.o

.ARM.extab
 *(.ARM.extab* .gnu.linkonce.armextab.*)

.ARM.exidx      0x00000000080098d4        0x8
                0x00000000080098d4                __exidx_start = .
 *(.ARM.exidx* .gnu.linkonce.armexidx.*)
 .ARM.exidx     0x00000000080098d4        0x8 /home/felix/opt/gcc-arm-none-eabi-6-2017-q1-update/bin/../lib/gcc/arm-none-eabi/6.3.1/thumb/v6-m/libgcc.a(_udivmoddi4.o)
                0x00000000080098dc                __exidx_end = .

.rel.dyn        0x00000000080098dc        0x0
 .rel.iplt      0x00000000080098dc        0x0 build/obj/crt0_v6m.o

.eh_frame_hdr
 *(.eh_frame_hdr)

.eh_frame
 *(.eh_frame)

.textalign      0x00000000080098dc        0x4
                0x00000000080098e0                . = ALIGN (0x8)
 *fill*         0x00000000080098dc        0x4 
                0x00000000080098e0                . = ALIGN (0x4)
                [!provide]                        PROVIDE (_etext, .)

.mstack         0x0000000020000000      0x400
                0x0000000020000000                . = ALIGN (0x8)
                0x0000000020000000                __main_stack_base__ = .
                0x0000000020000400                . = (. + __main_stack_size__)
 *fill*         0x0000000020000000      0x400 
                0x0000000020000400                . = ALIGN (0x8)
                0x0000000020000400                __main_stack_end__ = .

.pstack         0x0000000020000400      0x800
                0x0000000020000400                __process_stack_base__ = .
                0x0000000020000400                __main_thread_stack_base__ = .
                0x0000000020000c00                . = (. + __process_stack_size__)
 *fill*         0x0000000020000400      0x800 
                0x0000000020000c00                . = ALIGN (0x8)
                0x0000000020000c00                __process_stack_end__ = .
                0x0000000020000c00                __main_thread_stack_end__ = .

.data           0x0000000020000c00      0x9bc load address 0x00000000080098e0
                0x0000000020000c00                . = ALIGN (0x4)
                0x00000000080098e0                PROVIDE (_textdata, LOADADDR (.data))
                0x0000000020000c00                PROVIDE (_data, .)
                0x00000000080098e0                _textdata_start = LOADADDR (.data)
                0x0000000020000c00                _data_start = .
 *(.data)
 *(.data.*)
 .data._ZL6sd5cfg
                0x0000000020000c00       0x10 build/obj/main.o
 .data._impure_ptr
                0x0000000020000c10        0x4 /home/felix/opt/gcc-arm-none-eabi-6-2017-q1-update/bin/../lib/gcc/arm-none-eabi/6.3.1/../../../../arm-none-eabi/lib/thumb/v6-m/libg.a(lib_a-impure.o)
                0x0000000020000c10                _impure_ptr
 *fill*         0x0000000020000c14        0x4 
 .data.impure_data
                0x0000000020000c18      0x428 /home/felix/opt/gcc-arm-none-eabi-6-2017-q1-update/bin/../lib/gcc/arm-none-eabi/6.3.1/../../../../arm-none-eabi/lib/thumb/v6-m/libg.a(lib_a-impure.o)
 .data.__malloc_av_
                0x0000000020001040      0x408 /home/felix/opt/gcc-arm-none-eabi-6-2017-q1-update/bin/../lib/gcc/arm-none-eabi/6.3.1/../../../../arm-none-eabi/lib/thumb/v6-m/libg.a(lib_a-mallocr.o)
                0x0000000020001040                __malloc_av_
 .data.__malloc_sbrk_base
                0x0000000020001448        0x4 /home/felix/opt/gcc-arm-none-eabi-6-2017-q1-update/bin/../lib/gcc/arm-none-eabi/6.3.1/../../../../arm-none-eabi/lib/thumb/v6-m/libg.a(lib_a-mallocr.o)
                0x0000000020001448                __malloc_sbrk_base
 .data.__malloc_trim_threshold
                0x000000002000144c        0x4 /home/felix/opt/gcc-arm-none-eabi-6-2017-q1-update/bin/../lib/gcc/arm-none-eabi/6.3.1/../../../../arm-none-eabi/lib/thumb/v6-m/libg.a(lib_a-mallocr.o)
                0x000000002000144c                __malloc_trim_threshold
 .data.__global_locale
                0x0000000020001450      0x16c /home/felix/opt/gcc-arm-none-eabi-6-2017-q1-update/bin/../lib/gcc/arm-none-eabi/6.3.1/../../../../arm-none-eabi/lib/thumb/v6-m/libg.a(lib_a-locale.o)
                0x0000000020001450                __global_locale
 *(.ramtext)
                0x00000000200015bc                . = ALIGN (0x4)
                0x00000000200015bc                PROVIDE (_edata, .)
                0x00000000200015bc                _data_end = .

.igot.plt       0x00000000200015bc        0x0 load address 0x000000000800a29c
 .igot.plt      0x00000000200015bc        0x0 build/obj/crt0_v6m.o

.bss            0x00000000200015c0      0x74c load address 0x000000000800a29c
                0x00000000200015c0                . = ALIGN (0x4)
                0x00000000200015c0                _bss_start = .
 *(.bss)
 *(.bss.*)
 .bss.nextmem   0x00000000200015c0        0x4 build/obj/chmemcore.o
 .bss.endmem    0x00000000200015c4        0x4 build/obj/chmemcore.o
 .bss.default_heap
                0x00000000200015c8       0x20 build/obj/chheap.o
 .bss.__malloc_current_mallinfo
                0x00000000200015e8       0x28 /home/felix/opt/gcc-arm-none-eabi-6-2017-q1-update/bin/../lib/gcc/arm-none-eabi/6.3.1/../../../../arm-none-eabi/lib/thumb/v6-m/libg.a(lib_a-mallocr.o)
                0x00000000200015e8                __malloc_current_mallinfo
 .bss.__malloc_max_sbrked_mem
                0x0000000020001610        0x4 /home/felix/opt/gcc-arm-none-eabi-6-2017-q1-update/bin/../lib/gcc/arm-none-eabi/6.3.1/../../../../arm-none-eabi/lib/thumb/v6-m/libg.a(lib_a-mallocr.o)
                0x0000000020001610                __malloc_max_sbrked_mem
 .bss.__malloc_max_total_mem
                0x0000000020001614        0x4 /home/felix/opt/gcc-arm-none-eabi-6-2017-q1-update/bin/../lib/gcc/arm-none-eabi/6.3.1/../../../../arm-none-eabi/lib/thumb/v6-m/libg.a(lib_a-mallocr.o)
                0x0000000020001614                __malloc_max_total_mem
 .bss.__malloc_top_pad
                0x0000000020001618        0x4 /home/felix/opt/gcc-arm-none-eabi-6-2017-q1-update/bin/../lib/gcc/arm-none-eabi/6.3.1/../../../../arm-none-eabi/lib/thumb/v6-m/libg.a(lib_a-mallocr.o)
                0x0000000020001618                __malloc_top_pad
 .bss.heap_end.4116
                0x000000002000161c        0x4 /home/felix/opt/gcc-arm-none-eabi-6-2017-q1-update/bin/../lib/gcc/arm-none-eabi/6.3.1/../../../../arm-none-eabi/lib/thumb/v6-m/libnosys.a(sbrk.o)
 *(COMMON)
 COMMON         0x0000000020001620      0x568 build/obj/chschd.o
                0x0000000020001620                ch
 COMMON         0x0000000020001b88      0x15c build/obj/serial_lld.o
                0x0000000020001b88                SD5
 COMMON         0x0000000020001ce4        0x4 /home/felix/opt/gcc-arm-none-eabi-6-2017-q1-update/bin/../lib/gcc/arm-none-eabi/6.3.1/../../../../arm-none-eabi/lib/thumb/v6-m/libg.a(lib_a-reent.o)
                0x0000000020001ce4                errno
 COMMON         0x0000000020001ce8       0x21 /home/felix/opt/gcc-arm-none-eabi-6-2017-q1-update/bin/../lib/gcc/arm-none-eabi/6.3.1/../../../../arm-none-eabi/lib/thumb/v6-m/libg.a(lib_a-lock.o)
                0x0000000020001ce8                __lock___atexit_recursive_mutex
                0x0000000020001cec                __lock___arc4random_mutex
                0x0000000020001cf0                __lock___env_recursive_mutex
                0x0000000020001cf4                __lock___sinit_recursive_mutex
                0x0000000020001cf8                __lock___malloc_recursive_mutex
                0x0000000020001cfc                __lock___at_quick_exit_mutex
                0x0000000020001d00                __lock___dd_hash_mutex
                0x0000000020001d04                __lock___tz_mutex
                0x0000000020001d08                __lock___sfp_recursive_mutex
                0x0000000020001d0c                . = ALIGN (0x4)
 *fill*         0x0000000020001d09        0x3 
                0x0000000020001d0c                _bss_end = .
                0x0000000020001d0c                PROVIDE (end, .)

.ram0_init      0x0000000020001d0c        0x0 load address 0x000000000800a29c
                0x0000000020001d0c                . = ALIGN (0x4)
                0x000000000800a29c                __ram0_init_text__ = LOADADDR (.ram0_init)
                0x0000000020001d0c                __ram0_init__ = .
 *(.ram0_init)
 *(.ram0_init.*)
                0x0000000020001d0c                . = ALIGN (0x4)

.ram0           0x0000000020001d0c        0x0 load address 0x000000000800a29c
                0x0000000020001d0c                . = ALIGN (0x4)
                0x0000000020001d0c                __ram0_clear__ = .
 *(.ram0_clear)
 *(.ram0_clear.*)
                0x0000000020001d0c                . = ALIGN (0x4)
                0x0000000020001d0c                __ram0_noinit__ = .
 *(.ram0)
 *(.ram0.*)
                0x0000000020001d0c                . = ALIGN (0x4)
                0x0000000020001d0c                __ram0_free__ = .

.ram1_init      0x0000000000000000        0x0 load address 0x000000000800a29c
                0x0000000000000000                . = ALIGN (0x4)
                0x000000000800a29c                __ram1_init_text__ = LOADADDR (.ram1_init)
                0x0000000000000000                __ram1_init__ = .
 *(.ram1_init)
 *(.ram1_init.*)
                0x0000000000000000                . = ALIGN (0x4)

.ram1           0x0000000000000000        0x0 load address 0x000000000800a29c
                0x0000000000000000                . = ALIGN (0x4)
                0x0000000000000000                __ram1_clear__ = .
 *(.ram1_clear)
 *(.ram1_clear.*)
                0x0000000000000000                . = ALIGN (0x4)
                0x0000000000000000                __ram1_noinit__ = .
 *(.ram1)
 *(.ram1.*)
                0x0000000000000000                . = ALIGN (0x4)
                0x0000000000000000                __ram1_free__ = .

.ram2_init      0x0000000000000000        0x0 load address 0x000000000800a29c
                0x0000000000000000                . = ALIGN (0x4)
                0x000000000800a29c                __ram2_init_text__ = LOADADDR (.ram2_init)
                0x0000000000000000                __ram2_init__ = .
 *(.ram2_init)
 *(.ram2_init.*)
                0x0000000000000000                . = ALIGN (0x4)

.ram2           0x0000000000000000        0x0 load address 0x000000000800a29c
                0x0000000000000000                . = ALIGN (0x4)
                0x0000000000000000                __ram2_clear__ = .
 *(.ram2_clear)
 *(.ram2_clear.*)
                0x0000000000000000                . = ALIGN (0x4)
                0x0000000000000000                __ram2_noinit__ = .
 *(.ram2)
 *(.ram2.*)
                0x0000000000000000                . = ALIGN (0x4)
                0x0000000000000000                __ram2_free__ = .

.ram3_init      0x0000000000000000        0x0 load address 0x000000000800a29c
                0x0000000000000000                . = ALIGN (0x4)
                0x000000000800a29c                __ram3_init_text__ = LOADADDR (.ram3_init)
                0x0000000000000000                __ram3_init__ = .
 *(.ram3_init)
 *(.ram3_init.*)
                0x0000000000000000                . = ALIGN (0x4)

.ram3           0x0000000000000000        0x0 load address 0x000000000800a29c
                0x0000000000000000                . = ALIGN (0x4)
                0x0000000000000000                __ram3_clear__ = .
 *(.ram3_clear)
 *(.ram3_clear.*)
                0x0000000000000000                . = ALIGN (0x4)
                0x0000000000000000                __ram3_noinit__ = .
 *(.ram3)
 *(.ram3.*)
                0x0000000000000000                . = ALIGN (0x4)
                0x0000000000000000                __ram3_free__ = .

.ram4_init      0x0000000000000000        0x0 load address 0x000000000800a29c
                0x0000000000000000                . = ALIGN (0x4)
                0x000000000800a29c                __ram4_init_text__ = LOADADDR (.ram4_init)
                0x0000000000000000                __ram4_init__ = .
 *(.ram4_init)
 *(.ram4_init.*)
                0x0000000000000000                . = ALIGN (0x4)

.ram4           0x0000000000000000        0x0 load address 0x000000000800a29c
                0x0000000000000000                . = ALIGN (0x4)
                0x0000000000000000                __ram4_clear__ = .
 *(.ram4_clear)
 *(.ram4_clear.*)
                0x0000000000000000                . = ALIGN (0x4)
                0x0000000000000000                __ram4_noinit__ = .
 *(.ram4)
 *(.ram4.*)
                0x0000000000000000                . = ALIGN (0x4)
                0x0000000000000000                __ram4_free__ = .

.ram5_init      0x0000000000000000        0x0 load address 0x000000000800a29c
                0x0000000000000000                . = ALIGN (0x4)
                0x000000000800a29c                __ram5_init_text__ = LOADADDR (.ram5_init)
                0x0000000000000000                __ram5_init__ = .
 *(.ram5_init)
 *(.ram5_init.*)
                0x0000000000000000                . = ALIGN (0x4)

.ram5           0x0000000000000000        0x0 load address 0x000000000800a29c
                0x0000000000000000                . = ALIGN (0x4)
                0x0000000000000000                __ram5_clear__ = .
 *(.ram5_clear)
 *(.ram5_clear.*)
                0x0000000000000000                . = ALIGN (0x4)
                0x0000000000000000                __ram5_noinit__ = .
 *(.ram5)
 *(.ram5.*)
                0x0000000000000000                . = ALIGN (0x4)
                0x0000000000000000                __ram5_free__ = .

.ram6_init      0x0000000000000000        0x0 load address 0x000000000800a29c
                0x0000000000000000                . = ALIGN (0x4)
                0x000000000800a29c                __ram6_init_text__ = LOADADDR (.ram6_init)
                0x0000000000000000                __ram6_init__ = .
 *(.ram6_init)
 *(.ram6_init.*)
                0x0000000000000000                . = ALIGN (0x4)

.ram6           0x0000000000000000        0x0 load address 0x000000000800a29c
                0x0000000000000000                . = ALIGN (0x4)
                0x0000000000000000                __ram6_clear__ = .
 *(.ram6_clear)
 *(.ram6_clear.*)
                0x0000000000000000                . = ALIGN (0x4)
                0x0000000000000000                __ram6_noinit__ = .
 *(.ram6)
 *(.ram6.*)
                0x0000000000000000                . = ALIGN (0x4)
                0x0000000000000000                __ram6_free__ = .

.ram7_init      0x0000000000000000        0x0 load address 0x000000000800a29c
                0x0000000000000000                . = ALIGN (0x4)
                0x000000000800a29c                __ram7_init_text__ = LOADADDR (.ram7_init)
                0x0000000000000000                __ram7_init__ = .
 *(.ram7_init)
 *(.ram7_init.*)
                0x0000000000000000                . = ALIGN (0x4)

.ram7           0x0000000000000000        0x0 load address 0x000000000800a29c
                0x0000000000000000                . = ALIGN (0x4)
                0x0000000000000000                __ram7_clear__ = .
 *(.ram7_clear)
 *(.ram7_clear.*)
                0x0000000000000000                . = ALIGN (0x4)
                0x0000000000000000                __ram7_noinit__ = .
 *(.ram7)
 *(.ram7.*)
                0x0000000000000000                . = ALIGN (0x4)
                0x0000000000000000                __ram7_free__ = .

.heap           0x0000000020001d0c      0x2f4
                0x0000000020001d10                . = ALIGN (0x8)
 *fill*         0x0000000020001d0c        0x4 
                0x0000000020001d10                __heap_base__ = .
                0x0000000020002000                . = (ORIGIN (HEAP_RAM) + LENGTH (HEAP_RAM))
 *fill*         0x0000000020001d10      0x2f0 
                0x0000000020002000                __heap_end__ = .
                0x0000000000000800                __process_stack_size__ = 0x800
                0x0000000000000400                __main_stack_size__ = 0x400
LOAD /home/felix/opt/gcc-arm-none-eabi-6-2017-q1-update/bin/../lib/gcc/arm-none-eabi/6.3.1/../../../../arm-none-eabi/lib/thumb/v6-m/libstdc++.a
LOAD /home/felix/opt/gcc-arm-none-eabi-6-2017-q1-update/bin/../lib/gcc/arm-none-eabi/6.3.1/../../../../arm-none-eabi/lib/thumb/v6-m/libm.a
START GROUP
LOAD /home/felix/opt/gcc-arm-none-eabi-6-2017-q1-update/bin/../lib/gcc/arm-none-eabi/6.3.1/thumb/v6-m/libgcc.a
LOAD /home/felix/opt/gcc-arm-none-eabi-6-2017-q1-update/bin/../lib/gcc/arm-none-eabi/6.3.1/../../../../arm-none-eabi/lib/thumb/v6-m/libg.a
LOAD /home/felix/opt/gcc-arm-none-eabi-6-2017-q1-update/bin/../lib/gcc/arm-none-eabi/6.3.1/../../../../arm-none-eabi/lib/thumb/v6-m/libc.a
END GROUP
START GROUP
LOAD /home/felix/opt/gcc-arm-none-eabi-6-2017-q1-update/bin/../lib/gcc/arm-none-eabi/6.3.1/thumb/v6-m/libgcc.a
LOAD /home/felix/opt/gcc-arm-none-eabi-6-2017-q1-update/bin/../lib/gcc/arm-none-eabi/6.3.1/../../../../arm-none-eabi/lib/thumb/v6-m/libc.a
LOAD /home/felix/opt/gcc-arm-none-eabi-6-2017-q1-update/bin/../lib/gcc/arm-none-eabi/6.3.1/../../../../arm-none-eabi/lib/thumb/v6-m/libnosys.a
END GROUP
OUTPUT(build/Ultrasound.elf elf32-littlearm)

.ARM.attributes
                0x0000000000000000       0x2d
 .ARM.attributes
                0x0000000000000000       0x21 build/obj/crt0_v6m.o
 .ARM.attributes
                0x0000000000000021       0x21 build/obj/chcoreasm_v6m.o
 .ARM.attributes
                0x0000000000000042       0x31 build/obj/crt1.o
 .ARM.attributes
                0x0000000000000073       0x31 build/obj/vectors.o
 .ARM.attributes
                0x00000000000000a4       0x31 build/obj/chsys.o
 .ARM.attributes
                0x00000000000000d5       0x31 build/obj/chdebug.o
 .ARM.attributes
                0x0000000000000106       0x31 build/obj/chvt.o
 .ARM.attributes
                0x0000000000000137       0x31 build/obj/chschd.o
 .ARM.attributes
                0x0000000000000168       0x31 build/obj/chthreads.o
 .ARM.attributes
                0x0000000000000199       0x31 build/obj/chregistry.o
 .ARM.attributes
                0x00000000000001ca       0x31 build/obj/chmtx.o
 .ARM.attributes
                0x00000000000001fb       0x31 build/obj/chevents.o
 .ARM.attributes
                0x000000000000022c       0x31 build/obj/chqueues.o
 .ARM.attributes
                0x000000000000025d       0x31 build/obj/chmemcore.o
 .ARM.attributes
                0x000000000000028e       0x31 build/obj/chheap.o
 .ARM.attributes
                0x00000000000002bf       0x31 build/obj/chcore_v6m.o
 .ARM.attributes
                0x00000000000002f0       0x31 build/obj/hal.o
 .ARM.attributes
                0x0000000000000321       0x31 build/obj/st.o
 .ARM.attributes
                0x0000000000000352       0x31 build/obj/serial.o
 .ARM.attributes
                0x0000000000000383       0x31 build/obj/nvic.o
 .ARM.attributes
                0x00000000000003b4       0x31 build/obj/hal_lld.o
 .ARM.attributes
                0x00000000000003e5       0x31 build/obj/st_lld.o
 .ARM.attributes
                0x0000000000000416       0x31 build/obj/pal_lld.o
 .ARM.attributes
                0x0000000000000447       0x31 build/obj/serial_lld.o
 .ARM.attributes
                0x0000000000000478       0x31 build/obj/board.o
 .ARM.attributes
                0x00000000000004a9       0x31 build/obj/main.o
 .ARM.attributes
                0x00000000000004da       0x1e /home/felix/opt/gcc-arm-none-eabi-6-2017-q1-update/bin/../lib/gcc/arm-none-eabi/6.3.1/thumb/v6-m/libgcc.a(_udivsi3.o)
 .ARM.attributes
                0x00000000000004f8       0x1e /home/felix/opt/gcc-arm-none-eabi-6-2017-q1-update/bin/../lib/gcc/arm-none-eabi/6.3.1/thumb/v6-m/libgcc.a(_dvmd_tls.o)
 .ARM.attributes
                0x0000000000000516       0x2c /home/felix/opt/gcc-arm-none-eabi-6-2017-q1-update/bin/../lib/gcc/arm-none-eabi/6.3.1/../../../../arm-none-eabi/lib/thumb/v6-m/libg.a(lib_a-memcpy-stub.o)
 .ARM.attributes
                0x0000000000000542       0x2c /home/felix/opt/gcc-arm-none-eabi-6-2017-q1-update/bin/../lib/gcc/arm-none-eabi/6.3.1/../../../../arm-none-eabi/lib/thumb/v6-m/libg.a(lib_a-reent.o)
 .ARM.attributes
                0x000000000000056e       0x2c /home/felix/opt/gcc-arm-none-eabi-6-2017-q1-update/bin/../lib/gcc/arm-none-eabi/6.3.1/../../../../arm-none-eabi/lib/thumb/v6-m/libg.a(lib_a-sprintf.o)
 .ARM.attributes
                0x000000000000059a       0x2c /home/felix/opt/gcc-arm-none-eabi-6-2017-q1-update/bin/../lib/gcc/arm-none-eabi/6.3.1/../../../../arm-none-eabi/lib/thumb/v6-m/libg.a(lib_a-svfprintf.o)
 .ARM.attributes
                0x00000000000005c6       0x2c /home/felix/opt/gcc-arm-none-eabi-6-2017-q1-update/bin/../lib/gcc/arm-none-eabi/6.3.1/../../../../arm-none-eabi/lib/thumb/v6-m/libg.a(lib_a-dtoa.o)
 .ARM.attributes
                0x00000000000005f2       0x2c /home/felix/opt/gcc-arm-none-eabi-6-2017-q1-update/bin/../lib/gcc/arm-none-eabi/6.3.1/../../../../arm-none-eabi/lib/thumb/v6-m/libg.a(lib_a-freer.o)
 .ARM.attributes
                0x000000000000061e       0x2c /home/felix/opt/gcc-arm-none-eabi-6-2017-q1-update/bin/../lib/gcc/arm-none-eabi/6.3.1/../../../../arm-none-eabi/lib/thumb/v6-m/libg.a(lib_a-impure.o)
 .ARM.attributes
                0x000000000000064a       0x2c /home/felix/opt/gcc-arm-none-eabi-6-2017-q1-update/bin/../lib/gcc/arm-none-eabi/6.3.1/../../../../arm-none-eabi/lib/thumb/v6-m/libg.a(lib_a-localeconv.o)
 .ARM.attributes
                0x0000000000000676       0x2c /home/felix/opt/gcc-arm-none-eabi-6-2017-q1-update/bin/../lib/gcc/arm-none-eabi/6.3.1/../../../../arm-none-eabi/lib/thumb/v6-m/libg.a(lib_a-mallocr.o)
 .ARM.attributes
                0x00000000000006a2       0x2c /home/felix/opt/gcc-arm-none-eabi-6-2017-q1-update/bin/../lib/gcc/arm-none-eabi/6.3.1/../../../../arm-none-eabi/lib/thumb/v6-m/libg.a(lib_a-memchr-stub.o)
 .ARM.attributes
                0x00000000000006ce       0x2c /home/felix/opt/gcc-arm-none-eabi-6-2017-q1-update/bin/../lib/gcc/arm-none-eabi/6.3.1/../../../../arm-none-eabi/lib/thumb/v6-m/libg.a(lib_a-mlock.o)
 .ARM.attributes
                0x00000000000006fa       0x2c /home/felix/opt/gcc-arm-none-eabi-6-2017-q1-update/bin/../lib/gcc/arm-none-eabi/6.3.1/../../../../arm-none-eabi/lib/thumb/v6-m/libg.a(lib_a-mprec.o)
 .ARM.attributes
                0x0000000000000726       0x2c /home/felix/opt/gcc-arm-none-eabi-6-2017-q1-update/bin/../lib/gcc/arm-none-eabi/6.3.1/../../../../arm-none-eabi/lib/thumb/v6-m/libg.a(lib_a-sbrkr.o)
 .ARM.attributes
                0x0000000000000752       0x2c /home/felix/opt/gcc-arm-none-eabi-6-2017-q1-update/bin/../lib/gcc/arm-none-eabi/6.3.1/../../../../arm-none-eabi/lib/thumb/v6-m/libg.a(lib_a-strlen-stub.o)
 .ARM.attributes
                0x000000000000077e       0x2c /home/felix/opt/gcc-arm-none-eabi-6-2017-q1-update/bin/../lib/gcc/arm-none-eabi/6.3.1/../../../../arm-none-eabi/lib/thumb/v6-m/libg.a(lib_a-svfiprintf.o)
 .ARM.attributes
                0x00000000000007aa       0x2c /home/felix/opt/gcc-arm-none-eabi-6-2017-q1-update/bin/../lib/gcc/arm-none-eabi/6.3.1/../../../../arm-none-eabi/lib/thumb/v6-m/libg.a(lib_a-callocr.o)
 .ARM.attributes
                0x00000000000007d6       0x2c /home/felix/opt/gcc-arm-none-eabi-6-2017-q1-update/bin/../lib/gcc/arm-none-eabi/6.3.1/../../../../arm-none-eabi/lib/thumb/v6-m/libg.a(lib_a-locale.o)
 .ARM.attributes
                0x0000000000000802       0x2c /home/felix/opt/gcc-arm-none-eabi-6-2017-q1-update/bin/../lib/gcc/arm-none-eabi/6.3.1/../../../../arm-none-eabi/lib/thumb/v6-m/libg.a(lib_a-lock.o)
 .ARM.attributes
                0x000000000000082e       0x2c /home/felix/opt/gcc-arm-none-eabi-6-2017-q1-update/bin/../lib/gcc/arm-none-eabi/6.3.1/../../../../arm-none-eabi/lib/thumb/v6-m/libg.a(lib_a-mbtowc_r.o)
 .ARM.attributes
                0x000000000000085a       0x2c /home/felix/opt/gcc-arm-none-eabi-6-2017-q1-update/bin/../lib/gcc/arm-none-eabi/6.3.1/../../../../arm-none-eabi/lib/thumb/v6-m/libg.a(lib_a-memmove.o)
 .ARM.attributes
                0x0000000000000886       0x2c /home/felix/opt/gcc-arm-none-eabi-6-2017-q1-update/bin/../lib/gcc/arm-none-eabi/6.3.1/../../../../arm-none-eabi/lib/thumb/v6-m/libg.a(lib_a-memset.o)
 .ARM.attributes
                0x00000000000008b2       0x2c /home/felix/opt/gcc-arm-none-eabi-6-2017-q1-update/bin/../lib/gcc/arm-none-eabi/6.3.1/../../../../arm-none-eabi/lib/thumb/v6-m/libg.a(lib_a-reallocr.o)
 .ARM.attributes
                0x00000000000008de       0x2c /home/felix/opt/gcc-arm-none-eabi-6-2017-q1-update/bin/../lib/gcc/arm-none-eabi/6.3.1/../../../../arm-none-eabi/lib/thumb/v6-m/libg.a(lib_a-wctomb_r.o)
 .ARM.attributes
                0x000000000000090a       0x2c /home/felix/opt/gcc-arm-none-eabi-6-2017-q1-update/bin/../lib/gcc/arm-none-eabi/6.3.1/../../../../arm-none-eabi/lib/thumb/v6-m/libg.a(lib_a-ctype_.o)
 .ARM.attributes
                0x0000000000000936       0x1e /home/felix/opt/gcc-arm-none-eabi-6-2017-q1-update/bin/../lib/gcc/arm-none-eabi/6.3.1/thumb/v6-m/libgcc.a(_divsi3.o)
 .ARM.attributes
                0x0000000000000954       0x1e /home/felix/opt/gcc-arm-none-eabi-6-2017-q1-update/bin/../lib/gcc/arm-none-eabi/6.3.1/thumb/v6-m/libgcc.a(_arm_cmpdf2.o)
 .ARM.attributes
                0x0000000000000972       0x1e /home/felix/opt/gcc-arm-none-eabi-6-2017-q1-update/bin/../lib/gcc/arm-none-eabi/6.3.1/thumb/v6-m/libgcc.a(_aeabi_uldivmod.o)
 .ARM.attributes
                0x0000000000000990       0x2c /home/felix/opt/gcc-arm-none-eabi-6-2017-q1-update/bin/../lib/gcc/arm-none-eabi/6.3.1/thumb/v6-m/libgcc.a(_udivmoddi4.o)
 .ARM.attributes
                0x00000000000009bc       0x2c /home/felix/opt/gcc-arm-none-eabi-6-2017-q1-update/bin/../lib/gcc/arm-none-eabi/6.3.1/thumb/v6-m/libgcc.a(adddf3.o)
 .ARM.attributes
                0x00000000000009e8       0x2c /home/felix/opt/gcc-arm-none-eabi-6-2017-q1-update/bin/../lib/gcc/arm-none-eabi/6.3.1/thumb/v6-m/libgcc.a(divdf3.o)
 .ARM.attributes
                0x0000000000000a14       0x2c /home/felix/opt/gcc-arm-none-eabi-6-2017-q1-update/bin/../lib/gcc/arm-none-eabi/6.3.1/thumb/v6-m/libgcc.a(eqdf2.o)
 .ARM.attributes
                0x0000000000000a40       0x2c /home/felix/opt/gcc-arm-none-eabi-6-2017-q1-update/bin/../lib/gcc/arm-none-eabi/6.3.1/thumb/v6-m/libgcc.a(gedf2.o)
 .ARM.attributes
                0x0000000000000a6c       0x2c /home/felix/opt/gcc-arm-none-eabi-6-2017-q1-update/bin/../lib/gcc/arm-none-eabi/6.3.1/thumb/v6-m/libgcc.a(ledf2.o)
 .ARM.attributes
                0x0000000000000a98       0x2c /home/felix/opt/gcc-arm-none-eabi-6-2017-q1-update/bin/../lib/gcc/arm-none-eabi/6.3.1/thumb/v6-m/libgcc.a(muldf3.o)
 .ARM.attributes
                0x0000000000000ac4       0x2c /home/felix/opt/gcc-arm-none-eabi-6-2017-q1-update/bin/../lib/gcc/arm-none-eabi/6.3.1/thumb/v6-m/libgcc.a(subdf3.o)
 .ARM.attributes
                0x0000000000000af0       0x2c /home/felix/opt/gcc-arm-none-eabi-6-2017-q1-update/bin/../lib/gcc/arm-none-eabi/6.3.1/thumb/v6-m/libgcc.a(unorddf2.o)
 .ARM.attributes
                0x0000000000000b1c       0x2c /home/felix/opt/gcc-arm-none-eabi-6-2017-q1-update/bin/../lib/gcc/arm-none-eabi/6.3.1/thumb/v6-m/libgcc.a(fixdfsi.o)
 .ARM.attributes
                0x0000000000000b48       0x2c /home/felix/opt/gcc-arm-none-eabi-6-2017-q1-update/bin/../lib/gcc/arm-none-eabi/6.3.1/thumb/v6-m/libgcc.a(floatsidf.o)
 .ARM.attributes
                0x0000000000000b74       0x2c /home/felix/opt/gcc-arm-none-eabi-6-2017-q1-update/bin/../lib/gcc/arm-none-eabi/6.3.1/thumb/v6-m/libgcc.a(floatunsidf.o)
 .ARM.attributes
                0x0000000000000ba0       0x1e /home/felix/opt/gcc-arm-none-eabi-6-2017-q1-update/bin/../lib/gcc/arm-none-eabi/6.3.1/thumb/v6-m/libgcc.a(_clzsi2.o)
 .ARM.attributes
                0x0000000000000bbe       0x1e /home/felix/opt/gcc-arm-none-eabi-6-2017-q1-update/bin/../lib/gcc/arm-none-eabi/6.3.1/thumb/v6-m/libgcc.a(_clzdi2.o)
 .ARM.attributes
                0x0000000000000bdc       0x2c /home/felix/opt/gcc-arm-none-eabi-6-2017-q1-update/bin/../lib/gcc/arm-none-eabi/6.3.1/../../../../arm-none-eabi/lib/thumb/v6-m/libnosys.a(sbrk.o)

.comment        0x0000000000000000       0x7f
 .comment       0x0000000000000000       0x7f build/obj/crt1.o
                                         0x80 (size before relaxing)
 .comment       0x000000000000007f       0x80 build/obj/vectors.o
 .comment       0x000000000000007f       0x80 build/obj/chsys.o
 .comment       0x000000000000007f       0x80 build/obj/chdebug.o
 .comment       0x000000000000007f       0x80 build/obj/chvt.o
 .comment       0x000000000000007f       0x80 build/obj/chschd.o
 .comment       0x000000000000007f       0x80 build/obj/chthreads.o
 .comment       0x000000000000007f       0x80 build/obj/chregistry.o
 .comment       0x000000000000007f       0x80 build/obj/chmtx.o
 .comment       0x000000000000007f       0x80 build/obj/chevents.o
 .comment       0x000000000000007f       0x80 build/obj/chqueues.o
 .comment       0x000000000000007f       0x80 build/obj/chmemcore.o
 .comment       0x000000000000007f       0x80 build/obj/chheap.o
 .comment       0x000000000000007f       0x80 build/obj/chcore_v6m.o
 .comment       0x000000000000007f       0x80 build/obj/hal.o
 .comment       0x000000000000007f       0x80 build/obj/st.o
 .comment       0x000000000000007f       0x80 build/obj/serial.o
 .comment       0x000000000000007f       0x80 build/obj/nvic.o
 .comment       0x000000000000007f       0x80 build/obj/hal_lld.o
 .comment       0x000000000000007f       0x80 build/obj/st_lld.o
 .comment       0x000000000000007f       0x80 build/obj/pal_lld.o
 .comment       0x000000000000007f       0x80 build/obj/serial_lld.o
 .comment       0x000000000000007f       0x80 build/obj/board.o
 .comment       0x000000000000007f       0x80 build/obj/main.o

.debug_info     0x0000000000000000    0x153b0
 .debug_info    0x0000000000000000      0x2fa build/obj/crt1.o